Component: ARM Compiler 5.06 update 6 (build 750) Tool: armlink [4d35ed]

==============================================================================

Section Cross References

    startup_stm32f10x_md.o(RESET) refers to startup_stm32f10x_md.o(STACK) for __initial_sp
    startup_stm32f10x_md.o(RESET) refers to startup_stm32f10x_md.o(.text) for Reset_Handler
    startup_stm32f10x_md.o(RESET) refers to stm32f10x_it.o(i.NMI_Handler) for NMI_Handler
    startup_stm32f10x_md.o(RESET) refers to stm32f10x_it.o(i.HardFault_Handler) for HardFault_Handler
    startup_stm32f10x_md.o(RESET) refers to stm32f10x_it.o(i.MemManage_Handler) for MemManage_Handler
    startup_stm32f10x_md.o(RESET) refers to stm32f10x_it.o(i.BusFault_Handler) for BusFault_Handler
    startup_stm32f10x_md.o(RESET) refers to stm32f10x_it.o(i.UsageFault_Handler) for UsageFault_Handler
    startup_stm32f10x_md.o(RESET) refers to stm32f10x_it.o(i.SVC_Handler) for SVC_Handler
    startup_stm32f10x_md.o(RESET) refers to stm32f10x_it.o(i.DebugMon_Handler) for DebugMon_Handler
    startup_stm32f10x_md.o(RESET) refers to stm32f10x_it.o(i.PendSV_Handler) for PendSV_Handler
    startup_stm32f10x_md.o(RESET) refers to stm32f10x_it.o(i.SysTick_Handler) for SysTick_Handler
    startup_stm32f10x_md.o(.text) refers to system_stm32f10x.o(i.SystemInit) for SystemInit
    startup_stm32f10x_md.o(.text) refers to entry.o(.ARM.Collect$$$$00000000) for __main
    system_stm32f10x.o(i.SystemCoreClockUpdate) refers to system_stm32f10x.o(.data) for .data
    system_stm32f10x.o(i.SystemInit) refers to system_stm32f10x.o(i.SetSysClockTo72) for SetSysClockTo72
    stm32f10x_adc.o(i.ADC_DeInit) refers to stm32f10x_rcc.o(i.RCC_APB2PeriphResetCmd) for RCC_APB2PeriphResetCmd
    stm32f10x_bkp.o(i.BKP_DeInit) refers to stm32f10x_rcc.o(i.RCC_BackupResetCmd) for RCC_BackupResetCmd
    stm32f10x_can.o(i.CAN_DeInit) refers to stm32f10x_rcc.o(i.RCC_APB1PeriphResetCmd) for RCC_APB1PeriphResetCmd
    stm32f10x_can.o(i.CAN_GetITStatus) refers to stm32f10x_can.o(i.CheckITStatus) for CheckITStatus
    stm32f10x_cec.o(i.CEC_DeInit) refers to stm32f10x_rcc.o(i.RCC_APB1PeriphResetCmd) for RCC_APB1PeriphResetCmd
    stm32f10x_dac.o(i.DAC_DeInit) refers to stm32f10x_rcc.o(i.RCC_APB1PeriphResetCmd) for RCC_APB1PeriphResetCmd
    stm32f10x_flash.o(i.FLASH_EnableWriteProtection) refers to stm32f10x_flash.o(i.FLASH_WaitForLastOperation) for FLASH_WaitForLastOperation
    stm32f10x_flash.o(i.FLASH_EraseAllBank1Pages) refers to stm32f10x_flash.o(i.FLASH_WaitForLastBank1Operation) for FLASH_WaitForLastBank1Operation
    stm32f10x_flash.o(i.FLASH_EraseAllPages) refers to stm32f10x_flash.o(i.FLASH_WaitForLastOperation) for FLASH_WaitForLastOperation
    stm32f10x_flash.o(i.FLASH_EraseOptionBytes) refers to stm32f10x_flash.o(i.FLASH_GetReadOutProtectionStatus) for FLASH_GetReadOutProtectionStatus
    stm32f10x_flash.o(i.FLASH_EraseOptionBytes) refers to stm32f10x_flash.o(i.FLASH_WaitForLastOperation) for FLASH_WaitForLastOperation
    stm32f10x_flash.o(i.FLASH_ErasePage) refers to stm32f10x_flash.o(i.FLASH_WaitForLastOperation) for FLASH_WaitForLastOperation
    stm32f10x_flash.o(i.FLASH_ProgramHalfWord) refers to stm32f10x_flash.o(i.FLASH_WaitForLastOperation) for FLASH_WaitForLastOperation
    stm32f10x_flash.o(i.FLASH_ProgramOptionByteData) refers to stm32f10x_flash.o(i.FLASH_WaitForLastOperation) for FLASH_WaitForLastOperation
    stm32f10x_flash.o(i.FLASH_ProgramWord) refers to stm32f10x_flash.o(i.FLASH_WaitForLastOperation) for FLASH_WaitForLastOperation
    stm32f10x_flash.o(i.FLASH_ReadOutProtection) refers to stm32f10x_flash.o(i.FLASH_WaitForLastOperation) for FLASH_WaitForLastOperation
    stm32f10x_flash.o(i.FLASH_UserOptionByteConfig) refers to stm32f10x_flash.o(i.FLASH_WaitForLastOperation) for FLASH_WaitForLastOperation
    stm32f10x_flash.o(i.FLASH_WaitForLastBank1Operation) refers to stm32f10x_flash.o(i.FLASH_GetBank1Status) for FLASH_GetBank1Status
    stm32f10x_flash.o(i.FLASH_WaitForLastOperation) refers to stm32f10x_flash.o(i.FLASH_GetBank1Status) for FLASH_GetBank1Status
    stm32f10x_gpio.o(i.GPIO_AFIODeInit) refers to stm32f10x_rcc.o(i.RCC_APB2PeriphResetCmd) for RCC_APB2PeriphResetCmd
    stm32f10x_gpio.o(i.GPIO_DeInit) refers to stm32f10x_rcc.o(i.RCC_APB2PeriphResetCmd) for RCC_APB2PeriphResetCmd
    stm32f10x_i2c.o(i.I2C_DeInit) refers to stm32f10x_rcc.o(i.RCC_APB1PeriphResetCmd) for RCC_APB1PeriphResetCmd
    stm32f10x_i2c.o(i.I2C_Init) refers to stm32f10x_rcc.o(i.RCC_GetClocksFreq) for RCC_GetClocksFreq
    stm32f10x_pwr.o(i.PWR_DeInit) refers to stm32f10x_rcc.o(i.RCC_APB1PeriphResetCmd) for RCC_APB1PeriphResetCmd
    stm32f10x_rcc.o(i.RCC_GetClocksFreq) refers to stm32f10x_rcc.o(.data) for .data
    stm32f10x_rcc.o(i.RCC_WaitForHSEStartUp) refers to stm32f10x_rcc.o(i.RCC_GetFlagStatus) for RCC_GetFlagStatus
    stm32f10x_rtc.o(i.RTC_SetAlarm) refers to stm32f10x_rtc.o(i.RTC_EnterConfigMode) for RTC_EnterConfigMode
[...]
    Removing stm32f10x_dma.o(i.DMA_GetCurrDataCounter), (6 bytes).
    Removing stm32f10x_dma.o(i.DMA_GetFlagStatus), (32 bytes).
    Removing stm32f10x_dma.o(i.DMA_GetITStatus), (32 bytes).
    Removing stm32f10x_dma.o(i.DMA_ITConfig), (16 bytes).
    Removing stm32f10x_dma.o(i.DMA_Init), (58 bytes).
    Removing stm32f10x_dma.o(i.DMA_SetCurrDataCounter), (4 bytes).
    Removing stm32f10x_dma.o(i.DMA_StructInit), (26 bytes).
    Removing stm32f10x_exti.o(i.EXTI_ClearFlag), (12 bytes).
    Removing stm32f10x_exti.o(i.EXTI_ClearITPendingBit), (12 bytes).
    Removing stm32f10x_exti.o(i.EXTI_DeInit), (36 bytes).
    Removing stm32f10x_exti.o(i.EXTI_GenerateSWInterrupt), (16 bytes).
    Removing stm32f10x_exti.o(i.EXTI_GetFlagStatus), (20 bytes).
    Removing stm32f10x_exti.o(i.EXTI_GetITStatus), (32 bytes).
    Removing stm32f10x_exti.o(i.EXTI_Init), (112 bytes).
    Removing stm32f10x_exti.o(i.EXTI_StructInit), (14 bytes).
    Removing stm32f10x_flash.o(i.FLASH_ClearFlag), (12 bytes).
    Removing stm32f10x_flash.o(i.FLASH_EnableWriteProtection), (172 bytes).
    Removing stm32f10x_flash.o(i.FLASH_EraseAllBank1Pages), (56 bytes).
    Removing stm32f10x_flash.o(i.FLASH_EraseAllPages), (56 bytes).
    Removing stm32f10x_flash.o(i.FLASH_EraseOptionBytes), (124 bytes).
    Removing stm32f10x_flash.o(i.FLASH_ErasePage), (60 bytes).
    Removing stm32f10x_flash.o(i.FLASH_GetBank1Status), (40 bytes).
    Removing stm32f10x_flash.o(i.FLASH_GetFlagStatus), (32 bytes).
    Removing stm32f10x_flash.o(i.FLASH_GetPrefetchBufferStatus), (20 bytes).
    Removing stm32f10x_flash.o(i.FLASH_GetReadOutProtectionStatus), (20 bytes).
    Removing stm32f10x_flash.o(i.FLASH_GetStatus), (40 bytes).
    Removing stm32f10x_flash.o(i.FLASH_GetUserOptionByte), (12 bytes).
    Removing stm32f10x_flash.o(i.FLASH_GetWriteProtectionOptionByte), (12 bytes).
    Removing stm32f10x_flash.o(i.FLASH_HalfCycleAccessCmd), (24 bytes).
    Removing stm32f10x_flash.o(i.FLASH_ITConfig), (24 bytes).
    Removing stm32f10x_flash.o(i.FLASH_Lock), (16 bytes).
    Removing stm32f10x_flash.o(i.FLASH_LockBank1), (16 bytes).
    Removing stm32f10x_flash.o(i.FLASH_PrefetchBufferCmd), (24 bytes).
    Removing stm32f10x_flash.o(i.FLASH_ProgramHalfWord), (52 bytes).
    Removing stm32f10x_flash.o(i.FLASH_ProgramOptionByteData), (76 bytes).
    Removing stm32f10x_flash.o(i.FLASH_ProgramWord), (80 bytes).
    Removing stm32f10x_flash.o(i.FLASH_ReadOutProtection), (136 bytes).
    Removing stm32f10x_flash.o(i.FLASH_SetLatency), (20 bytes).
    Removing stm32f10x_flash.o(i.FLASH_Unlock), (24 bytes).
    Removing stm32f10x_flash.o(i.FLASH_UnlockBank1), (24 bytes).
    Removing stm32f10x_flash.o(i.FLASH_UserOptionByteConfig), (96 bytes).
    Removing stm32f10x_flash.o(i.FLASH_WaitForLastBank1Operation), (34 bytes).
    Removing stm32f10x_flash.o(i.FLASH_WaitForLastOperation), (34 bytes).
    Removing stm32f10x_fsmc.o(i.FSMC_ClearFlag), (38 bytes).
    Removing stm32f10x_fsmc.o(i.FSMC_ClearITPendingBit), (42 bytes).
    Removing stm32f10x_fsmc.o(i.FSMC_GetECC), (18 bytes).
    Removing stm32f10x_fsmc.o(i.FSMC_GetFlagStatus), (40 bytes).
    Removing stm32f10x_fsmc.o(i.FSMC_GetITStatus), (48 bytes).
    Removing stm32f10x_fsmc.o(i.FSMC_ITConfig), (72 bytes).
    Removing stm32f10x_fsmc.o(i.FSMC_NANDCmd), (56 bytes).
    Removing stm32f10x_fsmc.o(i.FSMC_NANDDeInit), (40 bytes).
    Removing stm32f10x_fsmc.o(i.FSMC_NANDECCCmd), (56 bytes).
    Removing stm32f10x_fsmc.o(i.FSMC_NANDInit), (104 bytes).
    Removing stm32f10x_fsmc.o(i.FSMC_NANDStructInit), (54 bytes).
    Removing stm32f10x_fsmc.o(i.FSMC_NORSRAMCmd), (32 bytes).
    Removing stm32f10x_fsmc.o(i.FSMC_NORSRAMDeInit), (38 bytes).
    Removing stm32f10x_fsmc.o(i.FSMC_NORSRAMInit), (200 bytes).
    Removing stm32f10x_fsmc.o(i.FSMC_NORSRAMStructInit), (98 bytes).
    Removing stm32f10x_fsmc.o(i.FSMC_PCCARDCmd), (32 bytes).
    Removing stm32f10x_fsmc.o(i.FSMC_PCCARDDeInit), (26 bytes).
    Removing stm32f10x_fsmc.o(i.FSMC_PCCARDInit), (102 bytes).
    Removing stm32f10x_fsmc.o(i.FSMC_PCCARDStructInit), (60 bytes).
    Removing stm32f10x_gpio.o(i.GPIO_AFIODeInit), (22 bytes).
    Removing stm32f10x_gpio.o(i.GPIO_DeInit), (180 bytes).
    Removing stm32f10x_gpio.o(i.GPIO_ETH_MediaInterfaceConfig), (12 bytes).
    Removing stm32f10x_gpio.o(i.GPIO_EXTILineConfig), (40 bytes).
    Removing stm32f10x_gpio.o(i.GPIO_EventOutputCmd), (12 bytes).
    Removing stm32f10x_gpio.o(i.GPIO_EventOutputConfig), (28 bytes).
    Removing stm32f10x_gpio.o(i.GPIO_PinLockConfig), (16 bytes).
    Removing stm32f10x_gpio.o(i.GPIO_PinRemapConfig), (88 bytes).
    Removing stm32f10x_gpio.o(i.GPIO_ReadInputData), (6 bytes).
    Removing stm32f10x_gpio.o(i.GPIO_ReadInputDataBit), (14 bytes).
    Removing stm32f10x_gpio.o(i.GPIO_ReadOutputData), (6 bytes).
    Removing stm32f10x_gpio.o(i.GPIO_ReadOutputDataBit), (14 bytes).
    Removing stm32f10x_gpio.o(i.GPIO_StructInit), (16 bytes).
    Removing stm32f10x_gpio.o(i.GPIO_Write), (4 bytes).
    Removing stm32f10x_gpio.o(i.GPIO_WriteBit), (10 bytes).
    Removing stm32f10x_i2c.o(i.I2C_ARPCmd), (20 bytes).
    Removing stm32f10x_i2c.o(i.I2C_AcknowledgeConfig), (20 bytes).
    Removing stm32f10x_i2c.o(i.I2C_CalculatePEC), (20 bytes).
    Removing stm32f10x_i2c.o(i.I2C_ClearFlag), (6 bytes).
    Removing stm32f10x_i2c.o(i.I2C_ClearITPendingBit), (6 bytes).
    Removing stm32f10x_i2c.o(i.I2C_DMACmd), (20 bytes).
    Removing stm32f10x_i2c.o(i.I2C_DMALastTransferCmd), (20 bytes).
    Removing stm32f10x_i2c.o(i.I2C_DualAddressCmd), (20 bytes).
    Removing stm32f10x_i2c.o(i.I2C_FastModeDutyCycleConfig), (22 bytes).
    Removing stm32f10x_i2c.o(i.I2C_GeneralCallCmd), (20 bytes).
    Removing stm32f10x_i2c.o(i.I2C_GetITStatus), (36 bytes).
    Removing stm32f10x_i2c.o(i.I2C_GetLastEvent), (14 bytes).
    Removing stm32f10x_i2c.o(i.I2C_GetPEC), (6 bytes).
    Removing stm32f10x_i2c.o(i.I2C_ITConfig), (16 bytes).
    Removing stm32f10x_i2c.o(i.I2C_NACKPositionConfig), (22 bytes).
    Removing stm32f10x_i2c.o(i.I2C_OwnAddress2Config), (16 bytes).
    Removing stm32f10x_i2c.o(i.I2C_PECPositionConfig), (22 bytes).
    Removing stm32f10x_i2c.o(i.I2C_ReadRegister), (10 bytes).
    Removing stm32f10x_i2c.o(i.I2C_ReceiveData), (6 bytes).
    Removing stm32f10x_i2c.o(i.I2C_SMBusAlertConfig), (22 bytes).
    Removing stm32f10x_i2c.o(i.I2C_SoftwareResetCmd), (20 bytes).
    Removing stm32f10x_i2c.o(i.I2C_StretchClockCmd), (20 bytes).
    Removing stm32f10x_i2c.o(i.I2C_StructInit), (28 bytes).
    Removing stm32f10x_i2c.o(i.I2C_TransmitPEC), (20 bytes).
    Removing stm32f10x_iwdg.o(i.IWDG_Enable), (16 bytes).
    Removing stm32f10x_iwdg.o(i.IWDG_GetFlagStatus), (20 bytes).
    Removing stm32f10x_iwdg.o(i.IWDG_ReloadCounter), (16 bytes).
    Removing stm32f10x_iwdg.o(i.IWDG_SetPrescaler), (12 bytes).
    Removing stm32f10x_iwdg.o(i.IWDG_SetReload), (12 bytes).
    Removing stm32f10x_iwdg.o(i.IWDG_WriteAccessCmd), (12 bytes).
    Removing stm32f10x_pwr.o(i.PWR_ClearFlag), (16 bytes).
    Removing stm32f10x_pwr.o(i.PWR_DeInit), (24 bytes).
    Removing stm32f10x_pwr.o(i.PWR_EnterSTANDBYMode), (40 bytes).
    Removing stm32f10x_pwr.o(i.PWR_EnterSTOPMode), (52 bytes).
    Removing stm32f10x_pwr.o(i.PWR_GetFlagStatus), (20 bytes).
    Removing stm32f10x_pwr.o(i.PWR_PVDCmd), (12 bytes).
    Removing stm32f10x_pwr.o(i.PWR_PVDLevelConfig), (20 bytes).
    Removing stm32f10x_pwr.o(i.PWR_WakeUpPinCmd), (12 bytes).
    Removing stm32f10x_rcc.o(i.RCC_ADCCLKConfig), (20 bytes).
    Removing stm32f10x_rcc.o(i.RCC_AHBPeriphClockCmd), (24 bytes).
    Removing stm32f10x_rcc.o(i.RCC_APB2PeriphResetCmd), (24 bytes).
    Removing stm32f10x_rcc.o(i.RCC_AdjustHSICalibrationValue), (20 bytes).
    Removing stm32f10x_rcc.o(i.RCC_BackupResetCmd), (12 bytes).
    Removing stm32f10x_rcc.o(i.RCC_ClearFlag), (16 bytes).
    Removing stm32f10x_rcc.o(i.RCC_ClearITPendingBit), (12 bytes).
    Removing stm32f10x_rcc.o(i.RCC_ClockSecuritySystemCmd), (12 bytes).
    Removing stm32f10x_rcc.o(i.RCC_DeInit), (64 bytes).
    Removing stm32f10x_rcc.o(i.RCC_GetFlagStatus), (48 bytes).
    Removing stm32f10x_rcc.o(i.RCC_GetITStatus), (20 bytes).
    Removing stm32f10x_rcc.o(i.RCC_GetSYSCLKSource), (16 bytes).
    Removing stm32f10x_rcc.o(i.RCC_HCLKConfig), (20 bytes).
    Removing stm32f10x_rcc.o(i.RCC_HSEConfig), (52 bytes).
    Removing stm32f10x_rcc.o(i.RCC_HSICmd), (12 bytes).
    Removing stm32f10x_rcc.o(i.RCC_ITConfig), (24 bytes).
    Removing stm32f10x_rcc.o(i.RCC_LSICmd), (12 bytes).
    Removing stm32f10x_rcc.o(i.RCC_MCOConfig), (12 bytes).
    Removing stm32f10x_rcc.o(i.RCC_PCLK1Config), (20 bytes).
    Removing stm32f10x_rcc.o(i.RCC_PCLK2Config), (20 bytes).
    Removing stm32f10x_rcc.o(i.RCC_PLLCmd), (12 bytes).
    Removing stm32f10x_rcc.o(i.RCC_PLLConfig), (20 bytes).
    Removing stm32f10x_rcc.o(i.RCC_RTCCLKCmd), (12 bytes).
    Removing stm32f10x_rcc.o(i.RCC_RTCCLKConfig), (16 bytes).
    Removing stm32f10x_rcc.o(i.RCC_SYSCLKConfig), (20 bytes).
    Removing stm32f10x_rcc.o(i.RCC_USBCLKConfig), (12 bytes).
    Removing stm32f10x_rcc.o(i.RCC_WaitForHSEStartUp), (44 bytes).
    Removing stm32f10x_rtc.o(i.RTC_ClearFlag), (16 bytes).
    Removing stm32f10x_rtc.o(i.RTC_ClearITPendingBit), (16 bytes).
    Removing stm32f10x_rtc.o(i.RTC_EnterConfigMode), (16 bytes).
    Removing stm32f10x_rtc.o(i.RTC_ExitConfigMode), (16 bytes).
    Removing stm32f10x_rtc.o(i.RTC_GetCounter), (20 bytes).
    Removing stm32f10x_rtc.o(i.RTC_GetDivider), (24 bytes).
    Removing stm32f10x_rtc.o(i.RTC_GetFlagStatus), (20 bytes).
    Removing stm32f10x_rtc.o(i.RTC_GetITStatus), (32 bytes).
    Removing stm32f10x_rtc.o(i.RTC_ITConfig), (24 bytes).
    Removing stm32f10x_rtc.o(i.RTC_SetAlarm), (32 bytes).
    Removing stm32f10x_rtc.o(i.RTC_SetCounter), (32 bytes).
    Removing stm32f10x_rtc.o(i.RTC_SetPrescaler), (32 bytes).
    Removing stm32f10x_rtc.o(i.RTC_WaitForLastTask), (16 bytes).
    Removing stm32f10x_rtc.o(i.RTC_WaitForSynchro), (24 bytes).
    Removing stm32f10x_sdio.o(i.SDIO_CEATAITCmd), (16 bytes).
    Removing stm32f10x_sdio.o(i.SDIO_ClearFlag), (12 bytes).
    Removing stm32f10x_sdio.o(i.SDIO_ClearITPendingBit), (12 bytes).
    Removing stm32f10x_sdio.o(i.SDIO_ClockCmd), (12 bytes).
    Removing stm32f10x_sdio.o(i.SDIO_CmdStructInit), (14 bytes).
    Removing stm32f10x_sdio.o(i.SDIO_CommandCompletionCmd), (12 bytes).
    Removing stm32f10x_sdio.o(i.SDIO_DMACmd), (12 bytes).
    Removing stm32f10x_sdio.o(i.SDIO_DataConfig), (44 bytes).
    Removing stm32f10x_sdio.o(i.SDIO_DataStructInit), (20 bytes).
    Removing stm32f10x_sdio.o(i.SDIO_DeInit), (36 bytes).
    Removing stm32f10x_sdio.o(i.SDIO_GetCommandResponse), (12 bytes).
    Removing stm32f10x_sdio.o(i.SDIO_GetDataCounter), (12 bytes).
    Removing stm32f10x_sdio.o(i.SDIO_GetFIFOCount), (12 bytes).
    Removing stm32f10x_sdio.o(i.SDIO_GetFlagStatus), (20 bytes).
    Removing stm32f10x_sdio.o(i.SDIO_GetITStatus), (20 bytes).
    Removing stm32f10x_sdio.o(i.SDIO_GetPowerState), (16 bytes).
    Removing stm32f10x_sdio.o(i.SDIO_GetResponse), (16 bytes).
    Removing stm32f10x_sdio.o(i.SDIO_ITConfig), (24 bytes).
    Removing stm32f10x_sdio.o(i.SDIO_Init), (44 bytes).
    Removing stm32f10x_sdio.o(i.SDIO_ReadData), (12 bytes).
    Removing stm32f10x_sdio.o(i.SDIO_SendCEATACmd), (12 bytes).
    Removing stm32f10x_sdio.o(i.SDIO_SendCommand), (40 bytes).
    Removing stm32f10x_sdio.o(i.SDIO_SendSDIOSuspendCmd), (12 bytes).
    Removing stm32f10x_sdio.o(i.SDIO_SetPowerState), (24 bytes).
    Removing stm32f10x_sdio.o(i.SDIO_SetSDIOOperation), (12 bytes).
    Removing stm32f10x_sdio.o(i.SDIO_SetSDIOReadWaitMode), (12 bytes).
    Removing stm32f10x_sdio.o(i.SDIO_StartSDIOReadWait), (12 bytes).
    Removing stm32f10x_sdio.o(i.SDIO_StopSDIOReadWait), (12 bytes).
    Removing stm32f10x_sdio.o(i.SDIO_StructInit), (16 bytes).
    Removing stm32f10x_sdio.o(i.SDIO_WriteData), (12 bytes).
    Removing stm32f10x_spi.o(i.I2S_Cmd), (20 bytes).
    Removing stm32f10x_spi.o(i.I2S_Init), (150 bytes).
    Removing stm32f10x_spi.o(i.I2S_StructInit), (18 bytes).
    Removing stm32f10x_spi.o(i.SPI_BiDirectionalLineConfig), (22 bytes).
    Removing stm32f10x_spi.o(i.SPI_CalculateCRC), (20 bytes).
    Removing stm32f10x_spi.o(i.SPI_DataSizeConfig), (16 bytes).
    Removing stm32f10x_spi.o(i.SPI_GetCRC), (12 bytes).
    Removing stm32f10x_spi.o(i.SPI_GetCRCPolynomial), (4 bytes).
    Removing stm32f10x_spi.o(i.SPI_I2S_ClearFlag), (6 bytes).
    Removing stm32f10x_spi.o(i.SPI_I2S_ClearITPendingBit), (14 bytes).
    Removing stm32f10x_spi.o(i.SPI_I2S_DMACmd), (16 bytes).
    Removing stm32f10x_spi.o(i.SPI_I2S_DeInit), (84 bytes).
    Removing stm32f10x_spi.o(i.SPI_I2S_GetFlagStatus), (14 bytes).
    Removing stm32f10x_spi.o(i.SPI_I2S_GetITStatus), (44 bytes).
    Removing stm32f10x_spi.o(i.SPI_I2S_ITConfig), (24 bytes).
    Removing stm32f10x_spi.o(i.SPI_I2S_ReceiveData), (4 bytes).
    Removing stm32f10x_spi.o(i.SPI_I2S_SendData), (4 bytes).
    Removing stm32f10x_spi.o(i.SPI_NSSInternalSoftwareConfig), (24 bytes).
    Removing stm32f10x_spi.o(i.SPI_SSOutputCmd), (20 bytes).
    Removing stm32f10x_spi.o(i.SPI_StructInit), (24 bytes).
    Removing stm32f10x_spi.o(i.SPI_TransmitCRC), (10 bytes).
    Removing stm32f10x_tim.o(i.TI1_Config), (108 bytes).
    Removing stm32f10x_tim.o(i.TI2_Config), (124 bytes).
    Removing stm32f10x_tim.o(i.TIM_ARRPreloadConfig), (20 bytes).
    Removing stm32f10x_tim.o(i.TIM_BDTRConfig), (34 bytes).
    Removing stm32f10x_tim.o(i.TIM_BDTRStructInit), (18 bytes).
    Removing stm32f10x_tim.o(i.TIM_CCPreloadControl), (20 bytes).
    Removing stm32f10x_tim.o(i.TIM_CCxCmd), (22 bytes).
    Removing stm32f10x_tim.o(i.TIM_CCxNCmd), (22 bytes).
    Removing stm32f10x_tim.o(i.TIM_ClearFlag), (6 bytes).
    Removing stm32f10x_tim.o(i.TIM_ClearITPendingBit), (6 bytes).
    Removing stm32f10x_tim.o(i.TIM_ClearOC1Ref), (12 bytes).
    Removing stm32f10x_tim.o(i.TIM_ClearOC2Ref), (20 bytes).
    Removing stm32f10x_tim.o(i.TIM_ClearOC3Ref), (12 bytes).
    Removing stm32f10x_tim.o(i.TIM_ClearOC4Ref), (20 bytes).
    Removing stm32f10x_tim.o(i.TIM_Cmd), (20 bytes).
    Removing stm32f10x_tim.o(i.TIM_CounterModeConfig), (12 bytes).
    Removing stm32f10x_tim.o(i.TIM_CtrlPWMOutputs), (22 bytes).
    Removing stm32f10x_tim.o(i.TIM_DMACmd), (16 bytes).
    Removing stm32f10x_tim.o(i.TIM_DMAConfig), (8 bytes).
    Removing stm32f10x_tim.o(i.TIM_DeInit), (368 bytes).
    Removing stm32f10x_tim.o(i.TIM_ETRClockMode1Config), (18 bytes).
    Removing stm32f10x_tim.o(i.TIM_ETRClockMode2Config), (18 bytes).
    Removing stm32f10x_tim.o(i.TIM_ETRConfig), (24 bytes).
    Removing stm32f10x_tim.o(i.TIM_EncoderInterfaceConfig), (50 bytes).
    Removing stm32f10x_tim.o(i.TIM_ForcedOC1Config), (12 bytes).
    Removing stm32f10x_tim.o(i.TIM_ForcedOC2Config), (20 bytes).
    Removing stm32f10x_tim.o(i.TIM_ForcedOC3Config), (12 bytes).
    Removing stm32f10x_tim.o(i.TIM_ForcedOC4Config), (20 bytes).
    Removing stm32f10x_tim.o(i.TIM_GenerateEvent), (4 bytes).
    Removing stm32f10x_tim.o(i.TIM_GetCapture1), (4 bytes).
    Removing stm32f10x_tim.o(i.TIM_GetCapture2), (4 bytes).
    Removing stm32f10x_tim.o(i.TIM_GetCapture3), (4 bytes).
    Removing stm32f10x_tim.o(i.TIM_GetCapture4), (6 bytes).
    Removing stm32f10x_tim.o(i.TIM_GetCounter), (4 bytes).
    Removing stm32f10x_tim.o(i.TIM_GetFlagStatus), (14 bytes).
    Removing stm32f10x_tim.o(i.TIM_GetITStatus), (24 bytes).
    Removing stm32f10x_tim.o(i.TIM_GetPrescaler), (4 bytes).
    Removing stm32f10x_tim.o(i.TIM_ICInit), (300 bytes).
    Removing stm32f10x_tim.o(i.TIM_ICStructInit), (16 bytes).
    Removing stm32f10x_tim.o(i.TIM_ITConfig), (16 bytes).
    Removing stm32f10x_tim.o(i.TIM_ITRxExternalClockConfig), (18 bytes).
    Removing stm32f10x_tim.o(i.TIM_InternalClockConfig), (10 bytes).
    Removing stm32f10x_tim.o(i.TIM_OC1FastConfig), (12 bytes).
    Removing stm32f10x_tim.o(i.TIM_OC1Init), (128 bytes).
    Removing stm32f10x_tim.o(i.TIM_OC1NPolarityConfig), (12 bytes).
    Removing stm32f10x_tim.o(i.TIM_OC1PolarityConfig), (12 bytes).
    Removing stm32f10x_tim.o(i.TIM_OC1PreloadConfig), (12 bytes).
    Removing stm32f10x_tim.o(i.TIM_OC2FastConfig), (20 bytes).
    Removing stm32f10x_tim.o(i.TIM_OC2Init), (128 bytes).
    Removing stm32f10x_tim.o(i.TIM_OC2NPolarityConfig), (20 bytes).
    Removing stm32f10x_tim.o(i.TIM_OC2PolarityConfig), (20 bytes).
    Removing stm32f10x_tim.o(i.TIM_OC2PreloadConfig), (20 bytes).
    Removing stm32f10x_tim.o(i.TIM_OC3FastConfig), (12 bytes).
    Removing stm32f10x_tim.o(i.TIM_OC3Init), (124 bytes).
    Removing stm32f10x_tim.o(i.TIM_OC3NPolarityConfig), (20 bytes).
    Removing stm32f10x_tim.o(i.TIM_OC3PolarityConfig), (20 bytes).
    Removing stm32f10x_tim.o(i.TIM_OC3PreloadConfig), (12 bytes).
    Removing stm32f10x_tim.o(i.TIM_OC4FastConfig), (20 bytes).
    Removing stm32f10x_tim.o(i.TIM_OC4Init), (100 bytes).
    Removing stm32f10x_tim.o(i.TIM_OC4PolarityConfig), (20 bytes).
    Removing stm32f10x_tim.o(i.TIM_OC4PreloadConfig), (20 bytes).
    Removing stm32f10x_tim.o(i.TIM_OCStructInit), (20 bytes).
    Removing stm32f10x_tim.o(i.TIM_PWMIConfig), (108 bytes).
    Removing stm32f10x_tim.o(i.TIM_PrescalerConfig), (6 bytes).
    Removing stm32f10x_tim.o(i.TIM_SelectCCDMA), (20 bytes).
    Removing stm32f10x_tim.o(i.TIM_SelectCOM), (20 bytes).
    Removing stm32f10x_tim.o(i.TIM_SelectHallSensor), (20 bytes).
    Removing stm32f10x_tim.o(i.TIM_SelectInputTrigger), (12 bytes).
    Removing stm32f10x_tim.o(i.TIM_SelectMasterSlaveMode), (16 bytes).
    Removing stm32f10x_tim.o(i.TIM_SelectOCxM), (70 bytes).
    Removing stm32f10x_tim.o(i.TIM_SelectOnePulseMode), (16 bytes).
    Removing stm32f10x_tim.o(i.TIM_SelectOutputTrigger), (16 bytes).
    Removing stm32f10x_tim.o(i.TIM_SelectSlaveMode), (16 bytes).
    Removing stm32f10x_tim.o(i.TIM_SetAutoreload), (4 bytes).
    Removing stm32f10x_tim.o(i.TIM_SetClockDivision), (16 bytes).
    Removing stm32f10x_tim.o(i.TIM_SetCompare1), (4 bytes).
    Removing stm32f10x_tim.o(i.TIM_SetCompare2), (4 bytes).
    Removing stm32f10x_tim.o(i.TIM_SetCompare3), (4 bytes).
    Removing stm32f10x_tim.o(i.TIM_SetCompare4), (6 bytes).
    Removing stm32f10x_tim.o(i.TIM_SetCounter), (4 bytes).
    Removing stm32f10x_tim.o(i.TIM_SetIC1Prescaler), (16 bytes).
    Removing stm32f10x_tim.o(i.TIM_SetIC2Prescaler), (24 bytes).
    Removing stm32f10x_tim.o(i.TIM_SetIC3Prescaler), (16 bytes).
    Removing stm32f10x_tim.o(i.TIM_SetIC4Prescaler), (24 bytes).
    Removing stm32f10x_tim.o(i.TIM_TIxExternalClockConfig), (46 bytes).
    Removing stm32f10x_tim.o(i.TIM_TimeBaseInit), (156 bytes).
    Removing stm32f10x_tim.o(i.TIM_TimeBaseStructInit), (18 bytes).
    Removing stm32f10x_tim.o(i.TIM_UpdateDisableConfig), (20 bytes).
    Removing stm32f10x_tim.o(i.TIM_UpdateRequestConfig), (20 bytes).
    Removing stm32f10x_usart.o(i.USART_ClearFlag), (6 bytes).
    Removing stm32f10x_usart.o(i.USART_ClearITPendingBit), (12 bytes).
    Removing stm32f10x_usart.o(i.USART_ClockInit), (30 bytes).
    Removing stm32f10x_usart.o(i.USART_ClockStructInit), (12 bytes).
    Removing stm32f10x_usart.o(i.USART_DMACmd), (16 bytes).
    Removing stm32f10x_usart.o(i.USART_DeInit), (116 bytes).
    Removing stm32f10x_usart.o(i.USART_GetITStatus), (62 bytes).
    Removing stm32f10x_usart.o(i.USART_HalfDuplexCmd), (20 bytes).
    Removing stm32f10x_usart.o(i.USART_ITConfig), (48 bytes).
    Removing stm32f10x_usart.o(i.USART_IrDACmd), (20 bytes).
    Removing stm32f10x_usart.o(i.USART_IrDAConfig), (16 bytes).
    Removing stm32f10x_usart.o(i.USART_LINBreakDetectLengthConfig), (16 bytes).
    Removing stm32f10x_usart.o(i.USART_LINCmd), (20 bytes).
    Removing stm32f10x_usart.o(i.USART_OneBitMethodCmd), (20 bytes).
    Removing stm32f10x_usart.o(i.USART_OverSampling8Cmd), (20 bytes).
    Removing stm32f10x_usart.o(i.USART_ReceiveData), (8 bytes).
    Removing stm32f10x_usart.o(i.USART_ReceiverWakeUpCmd), (20 bytes).
    Removing stm32f10x_usart.o(i.USART_SendBreak), (10 bytes).
    Removing stm32f10x_usart.o(i.USART_SetAddress), (16 bytes).
    Removing stm32f10x_usart.o(i.USART_SetGuardTime), (16 bytes).
    Removing stm32f10x_usart.o(i.USART_SetPrescaler), (16 bytes).
    Removing stm32f10x_usart.o(i.USART_SmartCardCmd), (20 bytes).
    Removing stm32f10x_usart.o(i.USART_SmartCardNACKCmd), (20 bytes).
    Removing stm32f10x_usart.o(i.USART_StructInit), (22 bytes).
    Removing stm32f10x_usart.o(i.USART_WakeUpConfig), (16 bytes).
    Removing stm32f10x_wwdg.o(i.WWDG_ClearFlag), (12 bytes).
    Removing stm32f10x_wwdg.o(i.WWDG_DeInit), (24 bytes).
    Removing stm32f10x_wwdg.o(i.WWDG_Enable), (16 bytes).
    Removing stm32f10x_wwdg.o(i.WWDG_EnableIT), (16 bytes).
    Removing stm32f10x_wwdg.o(i.WWDG_GetFlagStatus), (12 bytes).
    Removing stm32f10x_wwdg.o(i.WWDG_SetCounter), (16 bytes).
    Removing stm32f10x_wwdg.o(i.WWDG_SetPrescaler), (20 bytes).
    Removing stm32f10x_wwdg.o(i.WWDG_SetWindowValue), (28 bytes).
    Removing main.o(i.Delay), (10 bytes).
    Removing usart.o(i._sys_exit), (2 bytes).
    Removing ff.o(i.dir_remove), (80 bytes).
    Removing ff.o(i.f_chmod), (84 bytes).
    Removing ff.o(i.f_lseek), (306 bytes).
    Removing ff.o(i.f_mkdir), (412 bytes).
    Removing ff.o(i.f_rename), (264 bytes).
    Removing ff.o(i.f_stat), (68 bytes).
    Removing ff.o(i.f_truncate), (144 bytes).
    Removing ff.o(i.f_unlink), (164 bytes).
    Removing ff.o(i.f_utime), (88 bytes).
    Removing led.o(i.LEDx_Toggle), (28 bytes).
    Removing led.o(i.LEDx_Twinkle), (52 bytes).
    Removing oled_i2c.o(i.Movie_Show_Img), (108 bytes).
    Removing oled_i2c.o(i.OLED_CLS), (6 bytes).
    Removing oled_i2c.o(i.OLED_DrawBMP), (62 bytes).
    Removing oled_i2c.o(i.OLED_DrawPoint), (60 bytes).
    Removing oled_i2c.o(i.OLED_OFF), (24 bytes).
    Removing oled_i2c.o(i.OLED_ON), (24 bytes).
    Removing oled_i2c.o(i.OLED_Refresh_Gram), (64 bytes).
    Removing oled_i2c.o(i.OLED_ShowCN), (72 bytes).
    Removing oled_i2c.o(.bss), (1024 bytes).
    Removing oled_i2c.o(.data), (128 bytes).
    Removing oled_i2c.o(.data), (1024 bytes).
    Removing dadd.o(.text), (334 bytes).
    Removing dmul.o(.text), (228 bytes).
    Removing ddiv.o(.text), (222 bytes).
    Removing dfixul.o(.text), (48 bytes).
    Removing cdrcmple.o(.text), (48 bytes).
    Removing depilogue.o(.text), (186 bytes).

479 unused section(s) (total 19860 bytes) removed from the image.

==============================================================================

Image Symbol Table

    Local Symbols

    Symbol Name                              Value     Ov Type        Size  Object(Section)

    ../clib/../cmprslib/zerorunl2.c          0x00000000   Number         0  __dczerorl2.o ABSOLUTE
    ../clib/microlib/division.c              0x00000000   Number         0  uidiv.o ABSOLUTE
    ../clib/microlib/division.c              0x00000000   Number         0  uldiv.o ABSOLUTE
    ../clib/microlib/init/entry.s            0x00000000   Number         0  entry8a.o ABSOLUTE
    ../clib/microlib/init/entry.s            0x00000000   Number         0  entry9a.o ABSOLUTE
    ../clib/microlib/init/entry.s            0x00000000   Number         0  entry9b.o ABSOLUTE
    ../clib/microlib/init/entry.s            0x00000000   Number         0  entry10a.o ABSOLUTE
    ../clib/microlib/init/entry.s            0x00000000   Number         0  entry5.o ABSOLUTE
    ../clib/microlib/init/entry.s            0x00000000   Number         0  entry7a.o ABSOLUTE
    ../clib/microlib/init/entry.s            0x00000000   Number         0  entry7b.o ABSOLUTE
    ../clib/microlib/init/entry.s            0x00000000   Number         0  entry8b.o ABSOLUTE
    ../clib/microlib/init/entry.s            0x00000000   Number         0  entry.o ABSOLUTE
    ../clib/microlib/init/entry.s            0x00000000   Number         0  entry10b.o ABSOLUTE
    ../clib/microlib/init/entry.s            0x00000000   Number         0  entry11a.o ABSOLUTE
    ../clib/microlib/init/entry.s            0x00000000   Number         0  entry11b.o ABSOLUTE
    ../clib/microlib/init/entry.s            0x00000000   Number         0  entry2.o ABSOLUTE
    ../clib/microlib/longlong.c              0x00000000   Number         0  llsshr.o ABSOLUTE
    ../clib/microlib/longlong.c              0x00000000   Number         0  llushr.o ABSOLUTE
    ../clib/microlib/longlong.c              0x00000000   Number         0  llshl.o ABSOLUTE
    ../clib/microlib/printf/printf.c         0x00000000   Number         0  printf5.o ABSOLUTE
    ../clib/microlib/printf/printf.c         0x00000000   Number         0  printf8.o ABSOLUTE
    ../clib/microlib/printf/printf.c         0x00000000   Number         0  printf7.o ABSOLUTE
    ../clib/microlib/printf/printf.c         0x00000000   Number         0  printf6.o ABSOLUTE
    ../clib/microlib/printf/printf.c         0x00000000   Number         0  printfa.o ABSOLUTE
    ../clib/microlib/printf/printf.c         0x00000000   Number         0  printfb.o ABSOLUTE
    ../clib/microlib/printf/printf.c         0x00000000   Number         0  printf0.o ABSOLUTE
    ../clib/microlib/printf/printf.c         0x00000000   Number         0  printf1.o ABSOLUTE
    ../clib/microlib/printf/printf.c         0x00000000   Number         0  printf2.o ABSOLUTE
    ../clib/microlib/printf/printf.c         0x00000000   Number         0  printf3.o ABSOLUTE
    ../clib/microlib/printf/printf.c         0x00000000   Number         0  printf4.o ABSOLUTE
    ../clib/microlib/printf/stubs.s          0x00000000   Number         0  stubs.o ABSOLUTE
    ../clib/microlib/string/strlen.c         0x00000000   Number         0  strlen.o ABSOLUTE
    ../clib/microlib/stubs.s                 0x00000000   Number         0  iusefp.o ABSOLUTE
    ../clib/microlib/stubs.s                 0x00000000   Number         0  useno.o ABSOLUTE
    ../fplib/microlib/fpadd.c                0x00000000   Number         0  dadd.o ABSOLUTE
    ../fplib/microlib/fpdiv.c                0x00000000   Number         0  ddiv.o ABSOLUTE
    ../fplib/microlib/fpepilogue.c           0x00000000   Number         0  depilogue.o ABSOLUTE
    ../fplib/microlib/fpfix.c                0x00000000   Number         0  dfixul.o ABSOLUTE
    ../fplib/microlib/fpmul.c                0x00000000   Number         0  dmul.o ABSOLUTE
    ..\Libraries\CMSIS\CM3\CoreSupport\core_cm3.c 0x00000000   Number         0  core_cm3.o ABSOLUTE
    ..\Libraries\CMSIS\CM3\DeviceSupport\ST\STM32F10x\startup\arm\startup_stm32f10x_md.s 0x00000000   Number         0  startup_stm32f10x_md.o ABSOLUTE
    ..\Libraries\STM32F10x_StdPeriph_Driver\src\misc.c 0x00000000   Number         0  misc.o ABSOLUTE
    ..\Libraries\STM32F10x_StdPeriph_Driver\src\stm32f10x_adc.c 0x00000000   Number         0  stm32f10x_adc.o ABSOLUTE
    ..\Libraries\STM32F10x_StdPeriph_Driver\src\stm32f10x_bkp.c 0x00000000   Number         0  stm32f10x_bkp.o ABSOLUTE
    ..\Libraries\STM32F10x_StdPeriph_Driver\src\stm32f10x_can.c 0x00000000   Number         0  stm32f10x_can.o ABSOLUTE
    ..\Libraries\STM32F10x_StdPeriph_Driver\src\stm32f10x_cec.c 0x00000000   Number         0  stm32f10x_cec.o ABSOLUTE
    ..\Libraries\STM32F10x_StdPeriph_Driver\src\stm32f10x_crc.c 0x00000000   Number         0  stm32f10x_crc.o ABSOLUTE
    ..\Libraries\STM32F10x_StdPeriph_Driver\src\stm32f10x_dac.c 0x00000000   Number         0  stm32f10x_dac.o ABSOLUTE
    ..\Libraries\STM32F10x_StdPeriph_Driver\src\stm32f10x_dbgmcu.c 0x00000000   Number         0  stm32f10x_dbgmcu.o ABSOLUTE
    ..\Libraries\STM32F10x_StdPeriph_Driver\src\stm32f10x_dma.c 0x00000000   Number         0  stm32f10x_dma.o ABSOLUTE
    ..\Libraries\STM32F10x_StdPeriph_Driver\src\stm32f10x_exti.c 0x00000000   Number         0  stm32f10x_exti.o ABSOLUTE
    ..\Libraries\STM32F10x_StdPeriph_Driver\src\stm32f10x_flash.c 0x00000000   Number         0  stm32f10x_flash.o ABSOLUTE
    ..\Libraries\STM32F10x_StdPeriph_Driver\src\stm32f10x_fsmc.c 0x00000000   Number         0  stm32f10x_fsmc.o ABSOLUTE
    ..\Libraries\STM32F10x_StdPeriph_Driver\src\stm32f10x_gpio.c 0x00000000   Number         0  stm32f10x_gpio.o ABSOLUTE
    ..\Libraries\STM32F10x_StdPeriph_Driver\src\stm32f10x_i2c.c 0x00000000   Number         0  stm32f10x_i2c.o ABSOLUTE
    ..\Libraries\STM32F10x_StdPeriph_Driver\src\stm32f10x_iwdg.c 0x00000000   Number         0  stm32f10x_iwdg.o ABSOLUTE
    ..\Libraries\STM32F10x_StdPeriph_Driver\src\stm32f10x_pwr.c 0x00000000   Number         0  stm32f10x_pwr.o ABSOLUTE
    ..\Libraries\STM32F10x_StdPeriph_Driver\src\stm32f10x_rcc.c 0x00000000   Number         0  stm32f10x_rcc.o ABSOLUTE
    ..\Libraries\STM32F10x_StdPeriph_Driver\src\stm32f10x_rtc.c 0x00000000   Number         0  stm32f10x_rtc.o ABSOLUTE
    ..\Libraries\STM32F10x_StdPeriph_Driver\src\stm32f10x_sdio.c 0x00000000   Number         0  stm32f10x_sdio.o ABSOLUTE
    ..\Libraries\STM32F10x_StdPeriph_Driver\src\stm32f10x_spi.c 0x00000000   Number         0  stm32f10x_spi.o ABSOLUTE
    ..\Libraries\STM32F10x_StdPeriph_Driver\src\stm32f10x_tim.c 0x00000000   Number         0  stm32f10x_tim.o ABSOLUTE
    ..\Libraries\STM32F10x_StdPeriph_Driver\src\stm32f10x_usart.c 0x00000000   Number         0  stm32f10x_usart.o ABSOLUTE
    ..\Libraries\STM32F10x_StdPeriph_Driver\src\stm32f10x_wwdg.c 0x00000000   Number         0  stm32f10x_wwdg.o ABSOLUTE
    ..\User\FATFS_V0.09\src\diskio.c         0x00000000   Number         0  diskio.o ABSOLUTE
    ..\User\FATFS_V0.09\src\ff.c             0x00000000   Number         0  ff.o ABSOLUTE
    ..\User\FATFS_V0.09\src\option\ccsbcs.c  0x00000000   Number         0  ccsbcs.o ABSOLUTE
    ..\User\LED\led.c                        0x00000000   Number         0  led.o ABSOLUTE
    ..\User\OLED\OLED_I2C.c                  0x00000000   Number         0  oled_i2c.o ABSOLUTE
    ..\User\SPI_SD_Card\SPI_MSD1_Driver.c    0x00000000   Number         0  spi_msd1_driver.o ABSOLUTE
    ..\User\SW_DELAY\sw_delay.c              0x00000000   Number         0  sw_delay.o ABSOLUTE
    ..\User\main.c                           0x00000000   Number         0  main.o ABSOLUTE
    ..\User\stm32f10x_it.c                   0x00000000   Number         0  stm32f10x_it.o ABSOLUTE
    ..\User\system_stm32f10x.c               0x00000000   Number         0  system_stm32f10x.o ABSOLUTE
    ..\User\usart.c                          0x00000000   Number         0  usart.o ABSOLUTE
    ..\\Libraries\\CMSIS\\CM3\\CoreSupport\\core_cm3.c 0x00000000   Number         0  core_cm3.o ABSOLUTE
    cdrcmple.s                               0x00000000   Number         0  cdrcmple.o ABSOLUTE
    dc.s                                     0x00000000   Number         0  dc.o ABSOLUTE
    handlers.s                               0x00000000   Number         0  handlers.o ABSOLUTE
    init.s                                   0x00000000   Number         0  init.o ABSOLUTE
    RESET                                    0x08000000   Section      236  startup_stm32f10x_md.o(RESET)
    .ARM.Collect$$$$00000000                 0x080000ec   Section        0  entry.o(.ARM.Collect$$$$00000000)
    .ARM.Collect$$$$00000001                 0x080000ec   Section        4  entry2.o(.ARM.Collect$$$$00000001)
    .ARM.Collect$$$$00000004                 0x080000f0   Section        4  entry5.o(.ARM.Collect$$$$00000004)
    .ARM.Collect$$$$00000008                 0x080000f4   Section        0  entry7b.o(.ARM.Collect$$$$00000008)
    .ARM.Collect$$$$0000000A                 0x080000f4   Section        0  entry8b.o(.ARM.Collect$$$$0000000A)
    .ARM.Collect$$$$0000000B                 0x080000f4   Section        8  entry9a.o(.ARM.Collect$$$$0000000B)
    .ARM.Collect$$$$0000000D                 0x080000fc   Section        0  entry10a.o(.ARM.Collect$$$$0000000D)
    .ARM.Collect$$$$0000000F                 0x080000fc   Section        0  entry11a.o(.ARM.Collect$$$$0000000F)
    .ARM.Collect$$$$00002712                 0x080000fc   Section        4  entry2.o(.ARM.Collect$$$$00002712)
    __lit__00000000                          0x080000fc   Data           4  entry2.o(.ARM.Collect$$$$00002712)
    .text                                    0x08000100   Section       36  startup_stm32f10x_md.o(.text)
    .text                                    0x08000124   Section        0  strlen.o(.text)
    .text                                    0x08000132   Section        0  uldiv.o(.text)
    .text                                    0x08000194   Section       36  init.o(.text)
    .text                                    0x080001b8   Section        0  llshl.o(.text)
    .text                                    0x080001d6   Section        0  llushr.o(.text)
    .text                                    0x080001f6   Section        0  __dczerorl2.o(.text)
    i.BKP_TamperPinCmd                       0x0800024c   Section        0  stm32f10x_bkp.o(i.BKP_TamperPinCmd)
    i.BusFault_Handler                       0x08000258   Section        0  stm32f10x_it.o(i.BusFault_Handler)
    i.DebugMon_Handler                       0x0800025a   Section        0  stm32f10x_it.o(i.DebugMon_Handler)
    i.GPIO_Init                              0x0800025c   Section        0  stm32f10x_gpio.o(i.GPIO_Init)
    i.GPIO_ResetBits                         0x080002f8   Section        0  stm32f10x_gpio.o(i.GPIO_ResetBits)
    i.GPIO_SetBits                           0x080002fc   Section        0  stm32f10x_gpio.o(i.GPIO_SetBits)
    i.HardFault_Handler                      0x08000300   Section        0  stm32f10x_it.o(i.HardFault_Handler)
    i.I2C_CheckEvent                         0x08000302   Section        0  stm32f10x_i2c.o(i.I2C_CheckEvent)
    i.I2C_Cmd                                0x0800031a   Section        0  stm32f10x_i2c.o(i.I2C_Cmd)
    i.I2C_Configuration                      0x08000330   Section        0  oled_i2c.o(i.I2C_Configuration)
    i.I2C_DeInit                             0x080003ac   Section        0  stm32f10x_i2c.o(i.I2C_DeInit)
    i.I2C_GenerateSTART                      0x080003d8   Section        0  stm32f10x_i2c.o(i.I2C_GenerateSTART)
    i.I2C_GenerateSTOP                       0x080003ec   Section        0  stm32f10x_i2c.o(i.I2C_GenerateSTOP)
    i.I2C_GetFlagStatus                      0x08000400   Section        0  stm32f10x_i2c.o(i.I2C_GetFlagStatus)
    i.I2C_Init                               0x0800042c   Section        0  stm32f10x_i2c.o(i.I2C_Init)
    i.I2C_Send7bitAddress                    0x080004e8   Section        0  stm32f10x_i2c.o(i.I2C_Send7bitAddress)
    i.I2C_SendData                           0x080004f8   Section        0  stm32f10x_i2c.o(i.I2C_SendData)
    i.I2C_WriteByte                          0x080004fc   Section        0  oled_i2c.o(i.I2C_WriteByte)
    i.LED_Init                               0x0800058c   Section        0  led.o(i.LED_Init)
    i.LEDx_OnOff                             0x080005f0   Section        0  led.o(i.LEDx_OnOff)
    i.MSD1_GetCardInfo                       0x0800061c   Section        0  spi_msd1_driver.o(i.MSD1_GetCardInfo)
    i.MSD1_Init                              0x080008d8   Section        0  spi_msd1_driver.o(i.MSD1_Init)
    i.MSD1_ReadMultiBlock                    0x08000d10   Section        0  spi_msd1_driver.o(i.MSD1_ReadMultiBlock)
    i.MSD1_ReadSingleBlock                   0x08000d90   Section        0  spi_msd1_driver.o(i.MSD1_ReadSingleBlock)
    i.MSD1_SPIHighSpeed                      0x08000dd4   Section        0  spi_msd1_driver.o(i.MSD1_SPIHighSpeed)
    i.MSD1_SPI_Configuration                 0x08000e24   Section        0  spi_msd1_driver.o(i.MSD1_SPI_Configuration)
    i.MSD1_WriteMultiBlock                   0x08000ea4   Section        0  spi_msd1_driver.o(i.MSD1_WriteMultiBlock)
    i.MSD1_WriteSingleBlock                  0x08000fa4   Section        0  spi_msd1_driver.o(i.MSD1_WriteSingleBlock)
    i.MSD1_read_buffer                       0x0800104c   Section        0  spi_msd1_driver.o(i.MSD1_read_buffer)
    i.MSD1_send_command                      0x080010c4   Section        0  spi_msd1_driver.o(i.MSD1_send_command)
    i.MSD1_send_command_hold                 0x08001134   Section        0  spi_msd1_driver.o(i.MSD1_send_command_hold)
    i.MSD1_spi_read_write                    0x08001190   Section        0  spi_msd1_driver.o(i.MSD1_spi_read_write)
    i.MemManage_Handler                      0x080011ac   Section        0  stm32f10x_it.o(i.MemManage_Handler)
    i.NMI_Handler                            0x080011ae   Section        0  stm32f10x_it.o(i.NMI_Handler)
    i.OLED_Fill                              0x080011b0   Section        0  oled_i2c.o(i.OLED_Fill)
    i.OLED_Init                              0x080011e6   Section        0  oled_i2c.o(i.OLED_Init)
    i.OLED_SetPos                            0x0800129a   Section        0  oled_i2c.o(i.OLED_SetPos)
    i.OLED_ShowInterger                      0x080012c0   Section        0  oled_i2c.o(i.OLED_ShowInterger)
    i.OLED_ShowStr                           0x08001300   Section        0  oled_i2c.o(i.OLED_ShowStr)
    i.PWR_BackupAccessCmd                    0x080013d0   Section        0  stm32f10x_pwr.o(i.PWR_BackupAccessCmd)
    i.PendSV_Handler                         0x080013dc   Section        0  stm32f10x_it.o(i.PendSV_Handler)
    i.RCC_APB1PeriphClockCmd                 0x080013e0   Section        0  stm32f10x_rcc.o(i.RCC_APB1PeriphClockCmd)
    i.RCC_APB1PeriphResetCmd                 0x080013f8   Section        0  stm32f10x_rcc.o(i.RCC_APB1PeriphResetCmd)
    i.RCC_APB2PeriphClockCmd                 0x08001410   Section        0  stm32f10x_rcc.o(i.RCC_APB2PeriphClockCmd)
    i.RCC_GetClocksFreq                      0x08001428   Section        0  stm32f10x_rcc.o(i.RCC_GetClocksFreq)
    i.RCC_LSEConfig                          0x080014bc   Section        0  stm32f10x_rcc.o(i.RCC_LSEConfig)
    i.SD_TotalSize                           0x080014dc   Section        0  main.o(i.SD_TotalSize)
    i.SPI_Cmd                                0x08001644   Section        0  stm32f10x_spi.o(i.SPI_Cmd)
    i.SPI_Init                               0x08001658   Section        0  stm32f10x_spi.o(i.SPI_Init)
    i.SVC_Handler                            0x08001690   Section        0  stm32f10x_it.o(i.SVC_Handler)
    i.SetSysClockTo72                        0x08001694   Section        0  system_stm32f10x.o(i.SetSysClockTo72)
    SetSysClockTo72                          0x08001695   Thumb Code   160  system_stm32f10x.o(i.SetSysClockTo72)
    i.SysTick_Handler                        0x0800173c   Section        0  stm32f10x_it.o(i.SysTick_Handler)
    i.SystemInit                             0x08001740   Section        0  system_stm32f10x.o(i.SystemInit)
    i.USART_Cmd                              0x08001790   Section        0  stm32f10x_usart.o(i.USART_Cmd)
    i.USART_Configuration                    0x080017a4   Section        0  usart.o(i.USART_Configuration)
    i.USART_GPIO_Configuration               0x080017e4   Section        0  usart.o(i.USART_GPIO_Configuration)
    i.USART_GetFlagStatus                    0x08001820   Section        0  stm32f10x_usart.o(i.USART_GetFlagStatus)
    i.USART_Init                             0x08001830   Section        0  stm32f10x_usart.o(i.USART_Init)
    i.USART_RCC_Configuration                0x080018dc   Section        0  usart.o(i.USART_RCC_Configuration)
    i.USART_SendData                         0x080018e6   Section        0  stm32f10x_usart.o(i.USART_SendData)
    i.UsageFault_Handler                     0x080018ee   Section        0  stm32f10x_it.o(i.UsageFault_Handler)
    i.WriteCmd                               0x080018f0   Section        0  oled_i2c.o(i.WriteCmd)
    i.WriteDat                               0x080018f8   Section        0  oled_i2c.o(i.WriteDat)
    i.__0printf$8                            0x08001900   Section        0  printf8.o(i.__0printf$8)
    i.__0sprintf$8                           0x08001920   Section        0  printf8.o(i.__0sprintf$8)
    i.__scatterload_copy                     0x08001948   Section       14  handlers.o(i.__scatterload_copy)
    i.__scatterload_null                     0x08001956   Section        2  handlers.o(i.__scatterload_null)
    i.__scatterload_zeroinit                 0x08001958   Section       14  handlers.o(i.__scatterload_zeroinit)
    i._printf_core                           0x08001968   Section        0  printf8.o(i._printf_core)
    _printf_core                             0x08001969   Thumb Code   996  printf8.o(i._printf_core)
    i._printf_post_padding                   0x08001d78   Section        0  printf8.o(i._printf_post_padding)
    _printf_post_padding                     0x08001d79   Thumb Code    36  printf8.o(i._printf_post_padding)
    i._printf_pre_padding                    0x08001d9c   Section        0  printf8.o(i._printf_pre_padding)
    _printf_pre_padding                      0x08001d9d   Thumb Code    46  printf8.o(i._printf_pre_padding)
    i._sputc                                 0x08001dca   Section        0  printf8.o(i._sputc)
    _sputc                                   0x08001dcb   Thumb Code    10  printf8.o(i._sputc)
    i.check_fs                               0x08001dd4   Section        0  ff.o(i.check_fs)
    check_fs                                 0x08001dd5   Thumb Code    86  ff.o(i.check_fs)
    i.chk_chr                                0x08001e30   Section        0  ff.o(i.chk_chr)
    chk_chr                                  0x08001e31   Thumb Code    16  ff.o(i.chk_chr)
    i.chk_mounted                            0x08001e40   Section        0  ff.o(i.chk_mounted)
    chk_mounted                              0x08001e41   Thumb Code   510  ff.o(i.chk_mounted)
    i.clust2sect                             0x0800204c   Section        0  ff.o(i.clust2sect)
    i.create_chain                           0x08002064   Section        0  ff.o(i.create_chain)
    create_chain                             0x08002065   Thumb Code   150  ff.o(i.create_chain)
    i.create_name                            0x080020fc   Section        0  ff.o(i.create_name)
    create_name                              0x080020fd   Thumb Code   452  ff.o(i.create_name)
    i.dir_find                               0x080022d8   Section        0  ff.o(i.dir_find)
    dir_find                                 0x080022d9   Thumb Code   290  ff.o(i.dir_find)
    i.dir_next                               0x08002400   Section        0  ff.o(i.dir_next)
    dir_next                                 0x08002401   Thumb Code   236  ff.o(i.dir_next)
    i.dir_read                               0x080024ec   Section        0  ff.o(i.dir_read)
    dir_read                                 0x080024ed   Thumb Code   238  ff.o(i.dir_read)
    i.dir_register                           0x080025e0   Section        0  ff.o(i.dir_register)
    dir_register                             0x080025e1   Thumb Code   420  ff.o(i.dir_register)
    i.dir_sdi                                0x08002788   Section        0  ff.o(i.dir_sdi)
    dir_sdi                                  0x08002789   Thumb Code   126  ff.o(i.dir_sdi)
    i.disk_initialize                        0x08002806   Section        0  diskio.o(i.disk_initialize)
    i.disk_ioctl                             0x08002828   Section        0  diskio.o(i.disk_ioctl)
    i.disk_read                              0x08002870   Section        0  diskio.o(i.disk_read)
    i.disk_status                            0x080028a2   Section        0  diskio.o(i.disk_status)
    i.disk_write                             0x080028b6   Section        0  diskio.o(i.disk_write)
    i.f_close                                0x080028e8   Section        0  ff.o(i.f_close)
    i.f_getfree                              0x080028fa   Section        0  ff.o(i.f_getfree)
    i.f_mount                                0x080029c4   Section        0  ff.o(i.f_mount)
    i.f_open                                 0x080029e4   Section        0  ff.o(i.f_open)
    i.f_opendir                              0x08002b24   Section        0  ff.o(i.f_opendir)
    i.f_read                                 0x08002b7c   Section        0  ff.o(i.f_read)
    i.f_readdir                              0x08002cc0   Section        0  ff.o(i.f_readdir)
    i.f_sync                                 0x08002d18   Section        0  ff.o(i.f_sync)
    i.f_write                                0x08002dbc   Section        0  ff.o(i.f_write)
    i.ff_convert                             0x08002f40   Section        0  ccsbcs.o(i.ff_convert)
    i.ff_wtoupper                            0x08002f78   Section        0  ccsbcs.o(i.ff_wtoupper)
    i.follow_path                            0x08002f9c   Section        0  ff.o(i.follow_path)
    follow_path                              0x08002f9d   Thumb Code   104  ff.o(i.follow_path)
    i.fputc                                  0x08003004   Section        0  usart.o(i.fputc)
    i.gen_numname                            0x08003028   Section        0  ff.o(i.gen_numname)
    i.get_fat                                0x08003090   Section        0  ff.o(i.get_fat)
    i.get_fattime                            0x08003148   Section        0  diskio.o(i.get_fattime)
    i.get_fileinfo                           0x0800314c   Section        0  ff.o(i.get_fileinfo)
    get_fileinfo                             0x0800314d   Thumb Code   208  ff.o(i.get_fileinfo)
    i.main                                   0x0800321c   Section        0  main.o(i.main)
    i.mem_cpy                                0x080034d0   Section        0  ff.o(i.mem_cpy)
    mem_cpy                                  0x080034d1   Thumb Code    16  ff.o(i.mem_cpy)
    i.mem_set                                0x080034e0   Section        0  ff.o(i.mem_set)
    mem_set                                  0x080034e1   Thumb Code    14  ff.o(i.mem_set)
    i.move_window                            0x080034ee   Section        0  ff.o(i.move_window)
    move_window                              0x080034ef   Thumb Code   106  ff.o(i.move_window)
    i.put_fat                                0x08003558   Section        0  ff.o(i.put_fat)
    i.remove_chain                           0x08003650   Section        0  ff.o(i.remove_chain)
    remove_chain                             0x08003651   Thumb Code    98  ff.o(i.remove_chain)
    i.scan_files                             0x080036b4   Section        0  main.o(i.scan_files)
    i.sum_sfn                                0x080037b8   Section        0  ff.o(i.sum_sfn)
    sum_sfn                                  0x080037b9   Thumb Code    26  ff.o(i.sum_sfn)
    i.sw_delay_ms                            0x080037d2   Section        0  sw_delay.o(i.sw_delay_ms)
    i.sw_delay_us                            0x080037dc   Section        0  sw_delay.o(i.sw_delay_us)
    i.sync                                   0x0800386c   Section        0  ff.o(i.sync)
    sync                                     0x0800386d   Thumb Code   184  ff.o(i.sync)
    i.validate                               0x08003924   Section        0  ff.o(i.validate)
    validate                                 0x08003925   Thumb Code    32  ff.o(i.validate)
    .constdata                               0x08003944   Section      141  ff.o(.constdata)
    LfnOfs                                   0x08003944   Data          13  ff.o(.constdata)
    excvt                                    0x08003951   Data         128  ff.o(.constdata)
    .constdata                               0x080039d2   Section     1216  ccsbcs.o(.constdata)
    Tbl                                      0x080039d2   Data         256  ccsbcs.o(.constdata)
    tbl_lower                                0x08003ad2   Data         480  ccsbcs.o(.constdata)
    tbl_upper                                0x08003cb2   Data         480  ccsbcs.o(.constdata)
    .constdata                               0x08003e92   Section    72572  oled_i2c.o(.constdata)
    .conststring                             0x08015a10   Section      166  main.o(.conststring)
    .data                                    0x20000000   Section       20  stm32f10x_rcc.o(.data)
    ADCPrescTable                            0x20000000   Data           4  stm32f10x_rcc.o(.data)
    APBAHBPrescTable                         0x20000004   Data          16  stm32f10x_rcc.o(.data)
    .data                                    0x20000014   Section      583  main.o(.data)
    .data                                    0x2000025c   Section        4  usart.o(.data)
    .data                                    0x20000260   Section        8  ff.o(.data)
    Fsid                                     0x20000260   Data           2  ff.o(.data)
    FatFs                                    0x20000264   Data           4  ff.o(.data)
    .bss                                     0x20000268   Section     6008  main.o(.bss)
    lfn                                      0x20000268   Data         256  main.o(.bss)
    .bss                                     0x200019e0   Section      512  ff.o(.bss)
    LfnBuf                                   0x200019e0   Data         512  ff.o(.bss)
    .bss                                     0x20001be0   Section       88  spi_msd1_driver.o(.bss)
    STACK                                    0x20001c38   Section     1024  startup_stm32f10x_md.o(STACK)

    Global Symbols

    Symbol Name                              Value     Ov Type        Size  Object(Section)

    BuildAttributes$$THM_ISAv4$P$D$K$B$S$PE$A:L22UL41UL21$X:L11$S22US41US21$IEEE1$IW$USESV6$~STKCKD$USESV7$~SHL$OSPACE$ROPI$EBA8$MICROLIB$REQ8$PRES8$EABIv2 0x00000000   Number         0  anon$$obj.o ABSOLUTE
    __ARM_use_no_argv                        0x00000000   Number         0  main.o ABSOLUTE
    __use_no_errno                           0x00000000   Number         0  useno.o ABSOLUTE
    __use_no_exception_handling              0x00000000   Number         0  useno.o ABSOLUTE
    __use_no_fp                              0x00000000   Number         0  useno.o ABSOLUTE
    __use_no_heap                            0x00000000   Number         0  useno.o ABSOLUTE
    __use_no_heap_region                     0x00000000   Number         0  useno.o ABSOLUTE
    __use_no_semihosting                     0x00000000   Number         0  useno.o ABSOLUTE
    __use_no_semihosting_swi                 0x00000000   Number         0  useno.o ABSOLUTE
    __use_no_signal_handling                 0x00000000   Number         0  useno.o ABSOLUTE
    _printf_a                                0x00000000   Number         0  stubs.o ABSOLUTE
    _printf_c                                0x00000000   Number         0  stubs.o ABSOLUTE
    _printf_charcount                        0x00000000   Number         0  stubs.o ABSOLUTE
    _printf_d                                0x00000000   Number         0  stubs.o ABSOLUTE
    _printf_e                                0x00000000   Number         0  stubs.o ABSOLUTE
    _printf_f                                0x00000000   Number         0  stubs.o ABSOLUTE
    _printf_flags                            0x00000000   Number         0  stubs.o ABSOLUTE
    _printf_fp_dec                           0x00000000   Number         0  stubs.o ABSOLUTE
    _printf_fp_hex                           0x00000000   Number         0  stubs.o ABSOLUTE
    _printf_g                                0x00000000   Number         0  stubs.o ABSOLUTE
    _printf_i                                0x00000000   Number         0  stubs.o ABSOLUTE
    _printf_int_dec                          0x00000000   Number         0  stubs.o ABSOLUTE
    _printf_l                                0x00000000   Number         0  stubs.o ABSOLUTE
    _printf_lc                               0x00000000   Number         0  stubs.o ABSOLUTE
    _printf_ll                               0x00000000   Number         0  stubs.o ABSOLUTE
    _printf_lld                              0x00000000   Number         0  stubs.o ABSOLUTE
    _printf_lli                              0x00000000   Number         0  stubs.o ABSOLUTE
    _printf_llo                              0x00000000   Number         0  stubs.o ABSOLUTE
    _printf_llu                              0x00000000   Number         0  stubs.o ABSOLUTE
    _printf_llx                              0x00000000   Number         0  stubs.o ABSOLUTE
    _printf_longlong_dec                     0x00000000   Number         0  stubs.o ABSOLUTE
    _printf_longlong_hex                     0x00000000   Number         0  stubs.o ABSOLUTE
    _printf_longlong_oct                     0x00000000   Number         0  stubs.o ABSOLUTE
    _printf_ls                               0x00000000   Number         0  stubs.o ABSOLUTE
    _printf_mbtowc                           0x00000000   Number         0  stubs.o ABSOLUTE
    _printf_n                                0x00000000   Number         0  stubs.o ABSOLUTE
    _printf_o                                0x00000000   Number         0  stubs.o ABSOLUTE
    _printf_p                                0x00000000   Number         0  stubs.o ABSOLUTE
    _printf_percent                          0x00000000   Number         0  stubs.o ABSOLUTE
    _printf_pre_padding                      0x00000000   Number         0  stubs.o ABSOLUTE
    _printf_return_value                     0x00000000   Number         0  stubs.o ABSOLUTE
    _printf_s                                0x00000000   Number         0  stubs.o ABSOLUTE
    _printf_sizespec                         0x00000000   Number         0  stubs.o ABSOLUTE
    _printf_str                              0x00000000   Number         0  stubs.o ABSOLUTE
    _printf_truncate_signed                  0x00000000   Number         0  stubs.o ABSOLUTE
    _printf_truncate_unsigned                0x00000000   Number         0  stubs.o ABSOLUTE
    _printf_u                                0x00000000   Number         0  stubs.o ABSOLUTE
    _printf_wc                               0x00000000   Number         0  stubs.o ABSOLUTE
    _printf_wctomb                           0x00000000   Number         0  stubs.o ABSOLUTE
    _printf_widthprec                        0x00000000   Number         0  stubs.o ABSOLUTE
    _printf_x                                0x00000000   Number         0  stubs.o ABSOLUTE
    __cpp_initialize__aeabi_                  - Undefined Weak Reference
    __cxa_finalize                            - Undefined Weak Reference
    _clock_init                               - Undefined Weak Reference
    _microlib_exit                            - Undefined Weak Reference
    __Vectors_Size                           0x000000ec   Number         0  startup_stm32f10x_md.o ABSOLUTE
    __Vectors                                0x08000000   Data           4  startup_stm32f10x_md.o(RESET)
    __Vectors_End                            0x080000ec   Data           0  startup_stm32f10x_md.o(RESET)
    __main                                   0x080000ed   Thumb Code     0  entry.o(.ARM.Collect$$$$00000000)
    _main_stk                                0x080000ed   Thumb Code     0  entry2.o(.ARM.Collect$$$$00000001)
    _main_scatterload                        0x080000f1   Thumb Code     0  entry5.o(.ARM.Collect$$$$00000004)
    __main_after_scatterload                 0x080000f5   Thumb Code     0  entry5.o(.ARM.Collect$$$$00000004)
    _main_clock                              0x080000f5   Thumb Code     0  entry7b.o(.ARM.Collect$$$$00000008)
    _main_cpp_init                           0x080000f5   Thumb Code     0  entry8b.o(.ARM.Collect$$$$0000000A)
    _main_init                               0x080000f5   Thumb Code     0  entry9a.o(.ARM.Collect$$$$0000000B)
    __rt_final_cpp                           0x080000fd   Thumb Code     0  entry10a.o(.ARM.Collect$$$$0000000D)
    __rt_final_exit                          0x080000fd   Thumb Code     0  entry11a.o(.ARM.Collect$$$$0000000F)
    Reset_Handler                            0x08000101   Thumb Code     8  startup_stm32f10x_md.o(.text)
    ADC1_2_IRQHandler                        0x0800011b   Thumb Code     0  startup_stm32f10x_md.o(.text)
    CAN1_RX1_IRQHandler                      0x0800011b   Thumb Code     0  startup_stm32f10x_md.o(.text)
    CAN1_SCE_IRQHandler                      0x0800011b   Thumb Code     0  startup_stm32f10x_md.o(.text)
    DMA1_Channel1_IRQHandler                 0x0800011b   Thumb Code     0  startup_stm32f10x_md.o(.text)
    DMA1_Channel2_IRQHandler                 0x0800011b   Thumb Code     0  startup_stm32f10x_md.o(.text)
    DMA1_Channel3_IRQHandler                 0x0800011b   Thumb Code     0  startup_stm32f10x_md.o(.text)
    DMA1_Channel4_IRQHandler                 0x0800011b   Thumb Code     0  startup_stm32f10x_md.o(.text)
    DMA1_Channel5_IRQHandler                 0x0800011b   Thumb Code     0  startup_stm32f10x_md.o(.text)
    DMA1_Channel6_IRQHandler                 0x0800011b   Thumb Code     0  startup_stm32f10x_md.o(.text)
    DMA1_Channel7_IRQHandler                 0x0800011b   Thumb Code     0  startup_stm32f10x_md.o(.text)
    EXTI0_IRQHandler                         0x0800011b   Thumb Code     0  startup_stm32f10x_md.o(.text)
    EXTI15_10_IRQHandler                     0x0800011b   Thumb Code     0  startup_stm32f10x_md.o(.text)
    EXTI1_IRQHandler                         0x0800011b   Thumb Code     0  startup_stm32f10x_md.o(.text)
    EXTI2_IRQHandler                         0x0800011b   Thumb Code     0  startup_stm32f10x_md.o(.text)
    EXTI3_IRQHandler                         0x0800011b   Thumb Code     0  startup_stm32f10x_md.o(.text)
    EXTI4_IRQHandler                         0x0800011b   Thumb Code     0  startup_stm32f10x_md.o(.text)
    EXTI9_5_IRQHandler                       0x0800011b   Thumb Code     0  startup_stm32f10x_md.o(.text)
    FLASH_IRQHandler                         0x0800011b   Thumb Code     0  startup_stm32f10x_md.o(.text)
    I2C1_ER_IRQHandler                       0x0800011b   Thumb Code     0  startup_stm32f10x_md.o(.text)
    I2C1_EV_IRQHandler                       0x0800011b   Thumb Code     0  startup_stm32f10x_md.o(.text)
    I2C2_ER_IRQHandler                       0x0800011b   Thumb Code     0  startup_stm32f10x_md.o(.text)
    I2C2_EV_IRQHandler                       0x0800011b   Thumb Code     0  startup_stm32f10x_md.o(.text)
    PVD_IRQHandler                           0x0800011b   Thumb Code     0  startup_stm32f10x_md.o(.text)
    RCC_IRQHandler                           0x0800011b   Thumb Code     0  startup_stm32f10x_md.o(.text)
    RTCAlarm_IRQHandler                      0x0800011b   Thumb Code     0  startup_stm32f10x_md.o(.text)
    RTC_IRQHandler                           0x0800011b   Thumb Code     0  startup_stm32f10x_md.o(.text)
    SPI1_IRQHandler                          0x0800011b   Thumb Code     0  startup_stm32f10x_md.o(.text)
    SPI2_IRQHandler                          0x0800011b   Thumb Code     0  startup_stm32f10x_md.o(.text)
    TAMPER_IRQHandler                        0x0800011b   Thumb Code     0  startup_stm32f10x_md.o(.text)
    TIM1_BRK_IRQHandler                      0x0800011b   Thumb Code     0  startup_stm32f10x_md.o(.text)
    TIM1_CC_IRQHandler                       0x0800011b   Thumb Code     0  startup_stm32f10x_md.o(.text)
    TIM1_TRG_COM_IRQHandler                  0x0800011b   Thumb Code     0  startup_stm32f10x_md.o(.text)
    TIM1_UP_IRQHandler                       0x0800011b   Thumb Code     0  startup_stm32f10x_md.o(.text)
    TIM2_IRQHandler                          0x0800011b   Thumb Code     0  startup_stm32f10x_md.o(.text)
    TIM3_IRQHandler                          0x0800011b   Thumb Code     0  startup_stm32f10x_md.o(.text)
    TIM4_IRQHandler                          0x0800011b   Thumb Code     0  startup_stm32f10x_md.o(.text)
    USART1_IRQHandler                        0x0800011b   Thumb Code     0  startup_stm32f10x_md.o(.text)
    USART2_IRQHandler                        0x0800011b   Thumb Code     0  startup_stm32f10x_md.o(.text)
    USART3_IRQHandler                        0x0800011b   Thumb Code     0  startup_stm32f10x_md.o(.text)
    USBWakeUp_IRQHandler                     0x0800011b   Thumb Code     0  startup_stm32f10x_md.o(.text)
    USB_HP_CAN1_TX_IRQHandler                0x0800011b   Thumb Code     0  startup_stm32f10x_md.o(.text)
    USB_LP_CAN1_RX0_IRQHandler               0x0800011b   Thumb Code     0  startup_stm32f10x_md.o(.text)
    WWDG_IRQHandler                          0x0800011b   Thumb Code     0  startup_stm32f10x_md.o(.text)
    strlen                                   0x08000125   Thumb Code    14  strlen.o(.text)
    __aeabi_uldivmod                         0x08000133   Thumb Code    98  uldiv.o(.text)
    __scatterload                            0x08000195   Thumb Code    28  init.o(.text)
    __scatterload_rt2                        0x08000195   Thumb Code     0  init.o(.text)
    __aeabi_llsl                             0x080001b9   Thumb Code    30  llshl.o(.text)
    _ll_shift_l                              0x080001b9   Thumb Code     0  llshl.o(.text)
    __aeabi_llsr                             0x080001d7   Thumb Code    32  llushr.o(.text)
    _ll_ushift_r                             0x080001d7   Thumb Code     0  llushr.o(.text)
    __decompress                             0x080001f7   Thumb Code     0  __dczerorl2.o(.text)
    __decompress1                            0x080001f7   Thumb Code    86  __dczerorl2.o(.text)
    BKP_TamperPinCmd                         0x0800024d   Thumb Code     6  stm32f10x_bkp.o(i.BKP_TamperPinCmd)
    BusFault_Handler                         0x08000259   Thumb Code     2  stm32f10x_it.o(i.BusFault_Handler)
    DebugMon_Handler                         0x0800025b   Thumb Code     2  stm32f10x_it.o(i.DebugMon_Handler)
    GPIO_Init                                0x0800025d   Thumb Code   156  stm32f10x_gpio.o(i.GPIO_Init)
    GPIO_ResetBits                           0x080002f9   Thumb Code     4  stm32f10x_gpio.o(i.GPIO_ResetBits)
    GPIO_SetBits                             0x080002fd   Thumb Code     4  stm32f10x_gpio.o(i.GPIO_SetBits)
    HardFault_Handler                        0x08000301   Thumb Code     2  stm32f10x_it.o(i.HardFault_Handler)
    I2C_CheckEvent                           0x08000303   Thumb Code    24  stm32f10x_i2c.o(i.I2C_CheckEvent)
    I2C_Cmd                                  0x0800031b   Thumb Code    20  stm32f10x_i2c.o(i.I2C_Cmd)
    I2C_Configuration                        0x08000331   Thumb Code   110  oled_i2c.o(i.I2C_Configuration)
    I2C_DeInit                               0x080003ad   Thumb Code    38  stm32f10x_i2c.o(i.I2C_DeInit)
    I2C_GenerateSTART                        0x080003d9   Thumb Code    20  stm32f10x_i2c.o(i.I2C_GenerateSTART)
    I2C_GenerateSTOP                         0x080003ed   Thumb Code    20  stm32f10x_i2c.o(i.I2C_GenerateSTOP)
    I2C_GetFlagStatus                        0x08000401   Thumb Code    42  stm32f10x_i2c.o(i.I2C_GetFlagStatus)
    I2C_Init                                 0x0800042d   Thumb Code   178  stm32f10x_i2c.o(i.I2C_Init)
    I2C_Send7bitAddress                      0x080004e9   Thumb Code    16  stm32f10x_i2c.o(i.I2C_Send7bitAddress)
    I2C_SendData                             0x080004f9   Thumb Code     4  stm32f10x_i2c.o(i.I2C_SendData)
    I2C_WriteByte                            0x080004fd   Thumb Code   130  oled_i2c.o(i.I2C_WriteByte)
    LED_Init                                 0x0800058d   Thumb Code    94  led.o(i.LED_Init)
    LEDx_OnOff                               0x080005f1   Thumb Code    44  led.o(i.LEDx_OnOff)
    MSD1_GetCardInfo                         0x0800061d   Thumb Code   700  spi_msd1_driver.o(i.MSD1_GetCardInfo)
    MSD1_Init                                0x080008d9   Thumb Code   520  spi_msd1_driver.o(i.MSD1_Init)
    MSD1_ReadMultiBlock                      0x08000d11   Thumb Code   120  spi_msd1_driver.o(i.MSD1_ReadMultiBlock)
    MSD1_ReadSingleBlock                     0x08000d91   Thumb Code    62  spi_msd1_driver.o(i.MSD1_ReadSingleBlock)
    MSD1_SPIHighSpeed                        0x08000dd5   Thumb Code    76  spi_msd1_driver.o(i.MSD1_SPIHighSpeed)
    MSD1_SPI_Configuration                   0x08000e25   Thumb Code   118  spi_msd1_driver.o(i.MSD1_SPI_Configuration)
    MSD1_WriteMultiBlock                     0x08000ea5   Thumb Code   244  spi_msd1_driver.o(i.MSD1_WriteMultiBlock)
    MSD1_WriteSingleBlock                    0x08000fa5   Thumb Code   156  spi_msd1_driver.o(i.MSD1_WriteSingleBlock)
    MSD1_read_buffer                         0x0800104d   Thumb Code   116  spi_msd1_driver.o(i.MSD1_read_buffer)
    MSD1_send_command                        0x080010c5   Thumb Code   106  spi_msd1_driver.o(i.MSD1_send_command)
    MSD1_send_command_hold                   0x08001135   Thumb Code    88  spi_msd1_driver.o(i.MSD1_send_command_hold)
    MSD1_spi_read_write                      0x08001191   Thumb Code    24  spi_msd1_driver.o(i.MSD1_spi_read_write)
    MemManage_Handler                        0x080011ad   Thumb Code     2  stm32f10x_it.o(i.MemManage_Handler)
    NMI_Handler                              0x080011af   Thumb Code     2  stm32f10x_it.o(i.NMI_Handler)
    OLED_Fill                                0x080011b1   Thumb Code    54  oled_i2c.o(i.OLED_Fill)
    OLED_Init                                0x080011e7   Thumb Code   180  oled_i2c.o(i.OLED_Init)
    OLED_SetPos                              0x0800129b   Thumb Code    38  oled_i2c.o(i.OLED_SetPos)
    OLED_ShowInterger                        0x080012c1   Thumb Code    62  oled_i2c.o(i.OLED_ShowInterger)
    OLED_ShowStr                             0x08001301   Thumb Code   200  oled_i2c.o(i.OLED_ShowStr)
    PWR_BackupAccessCmd                      0x080013d1   Thumb Code     6  stm32f10x_pwr.o(i.PWR_BackupAccessCmd)
    PendSV_Handler                           0x080013dd   Thumb Code     2  stm32f10x_it.o(i.PendSV_Handler)
    RCC_APB1PeriphClockCmd                   0x080013e1   Thumb Code    18  stm32f10x_rcc.o(i.RCC_APB1PeriphClockCmd)
    RCC_APB1PeriphResetCmd                   0x080013f9   Thumb Code    18  stm32f10x_rcc.o(i.RCC_APB1PeriphResetCmd)
    RCC_APB2PeriphClockCmd                   0x08001411   Thumb Code    18  stm32f10x_rcc.o(i.RCC_APB2PeriphClockCmd)
    RCC_GetClocksFreq                        0x08001429   Thumb Code   132  stm32f10x_rcc.o(i.RCC_GetClocksFreq)
    RCC_LSEConfig                            0x080014bd   Thumb Code    28  stm32f10x_rcc.o(i.RCC_LSEConfig)
    SD_TotalSize                             0x080014dd   Thumb Code   190  main.o(i.SD_TotalSize)
    SPI_Cmd                                  0x08001645   Thumb Code    20  stm32f10x_spi.o(i.SPI_Cmd)
    SPI_Init                                 0x08001659   Thumb Code    56  stm32f10x_spi.o(i.SPI_Init)
    SVC_Handler                              0x08001691   Thumb Code     2  stm32f10x_it.o(i.SVC_Handler)
    SysTick_Handler                          0x0800173d   Thumb Code     2  stm32f10x_it.o(i.SysTick_Handler)
    SystemInit                               0x08001741   Thumb Code    64  system_stm32f10x.o(i.SystemInit)
    USART_Cmd                                0x08001791   Thumb Code    20  stm32f10x_usart.o(i.USART_Cmd)
    USART_Configuration                      0x080017a5   Thumb Code    60  usart.o(i.USART_Configuration)
    USART_GPIO_Configuration                 0x080017e5   Thumb Code    54  usart.o(i.USART_GPIO_Configuration)
    USART_GetFlagStatus                      0x08001821   Thumb Code    14  stm32f10x_usart.o(i.USART_GetFlagStatus)
    USART_Init                               0x08001831   Thumb Code   166  stm32f10x_usart.o(i.USART_Init)
    USART_RCC_Configuration                  0x080018dd   Thumb Code    10  usart.o(i.USART_RCC_Configuration)
    USART_SendData                           0x080018e7   Thumb Code     8  stm32f10x_usart.o(i.USART_SendData)
    UsageFault_Handler                       0x080018ef   Thumb Code     2  stm32f10x_it.o(i.UsageFault_Handler)
    WriteCmd                                 0x080018f1   Thumb Code     8  oled_i2c.o(i.WriteCmd)
    WriteDat                                 0x080018f9   Thumb Code     8  oled_i2c.o(i.WriteDat)
    __0printf$8                              0x08001901   Thumb Code    22  printf8.o(i.__0printf$8)
    __1printf$8                              0x08001901   Thumb Code     0  printf8.o(i.__0printf$8)
    __2printf                                0x08001901   Thumb Code     0  printf8.o(i.__0printf$8)
    __0sprintf$8                             0x08001921   Thumb Code    34  printf8.o(i.__0sprintf$8)
    __1sprintf$8                             0x08001921   Thumb Code     0  printf8.o(i.__0sprintf$8)
    __2sprintf                               0x08001921   Thumb Code     0  printf8.o(i.__0sprintf$8)
    __scatterload_copy                       0x08001949   Thumb Code    14  handlers.o(i.__scatterload_copy)
    __scatterload_null                       0x08001957   Thumb Code     2  handlers.o(i.__scatterload_null)
    __scatterload_zeroinit                   0x08001959   Thumb Code    14  handlers.o(i.__scatterload_zeroinit)
    clust2sect                               0x0800204d   Thumb Code    24  ff.o(i.clust2sect)
    disk_initialize                          0x08002807   Thumb Code    34  diskio.o(i.disk_initialize)
    disk_ioctl                               0x08002829   Thumb Code    66  diskio.o(i.disk_ioctl)
    disk_read                                0x08002871   Thumb Code    50  diskio.o(i.disk_read)
    disk_status                              0x080028a3   Thumb Code    20  diskio.o(i.disk_status)
    disk_write                               0x080028b7   Thumb Code    50  diskio.o(i.disk_write)
    f_close                                  0x080028e9   Thumb Code    18  ff.o(i.f_close)
    f_getfree                                0x080028fb   Thumb Code   200  ff.o(i.f_getfree)
    f_mount                                  0x080029c5   Thumb Code    26  ff.o(i.f_mount)
    f_open                                   0x080029e5   Thumb Code   314  ff.o(i.f_open)
    f_opendir                                0x08002b25   Thumb Code    82  ff.o(i.f_opendir)
    f_read                                   0x08002b7d   Thumb Code   324  ff.o(i.f_read)
    f_readdir                                0x08002cc1   Thumb Code    84  ff.o(i.f_readdir)
    f_sync                                   0x08002d19   Thumb Code   164  ff.o(i.f_sync)
    f_write                                  0x08002dbd   Thumb Code   386  ff.o(i.f_write)
    ff_convert                               0x08002f41   Thumb Code    52  ccsbcs.o(i.ff_convert)
    ff_wtoupper                              0x08002f79   Thumb Code    28  ccsbcs.o(i.ff_wtoupper)
    fputc                                    0x08003005   Thumb Code    30  usart.o(i.fputc)
    gen_numname                              0x08003029   Thumb Code   104  ff.o(i.gen_numname)
    get_fat                                  0x08003091   Thumb Code   184  ff.o(i.get_fat)
    get_fattime                              0x08003149   Thumb Code     4  diskio.o(i.get_fattime)
    main                                     0x0800321d   Thumb Code   362  main.o(i.main)
    put_fat                                  0x08003559   Thumb Code   248  ff.o(i.put_fat)
    scan_files                               0x080036b5   Thumb Code   188  main.o(i.scan_files)
    sw_delay_ms                              0x080037d3   Thumb Code    10  sw_delay.o(i.sw_delay_ms)
    sw_delay_us                              0x080037dd   Thumb Code   144  sw_delay.o(i.sw_delay_us)
    F6x8                                     0x08003e92   Data         552  oled_i2c.o(.constdata)
    F8X16                                    0x080040ba   Data        1520  oled_i2c.o(.constdata)
    movie_data                               0x080046aa   Data       70500  oled_i2c.o(.constdata)
    Region$$Table$$Base                      0x08015ab8   Number         0  anon$$obj.o(Region$$Table)
    Region$$Table$$Limit                     0x08015ad8   Number         0  anon$$obj.o(Region$$Table)
    res                                      0x20000014   Data           1  main.o(.data)
    buffer_itoa                              0x20000015   Data           4  main.o(.data)
    br                                       0x2000001c   Data           4  main.o(.data)
    bw                                       0x20000020   Data           4  main.o(.data)
    path0                                    0x20000024   Data         512  main.o(.data)
    textFileBuffer                           0x20000224   Data          55  main.o(.data)
    __stdout                                 0x2000025c   Data           4  usart.o(.data)
    fs                                       0x20000368   Data         560  main.o(.bss)
    fsrc                                     0x20000598   Data         548  main.o(.bss)
    fdst                                     0x200007bc   Data         548  main.o(.bss)
    buffer                                   0x200009e0   Data        4096  main.o(.bss)
    SD1_CardInfo                             0x20001be0   Data          88  spi_msd1_driver.o(.bss)
    __initial_sp                             0x20002038   Data           0  startup_stm32f10x_md.o(STACK)



==============================================================================

Memory Map of the image

  Image Entry point : 0x080000ed

  Load Region LR_IROM1 (Base: 0x08000000, Size: 0x00015d40, Max: 0x00020000, ABSOLUTE, COMPRESSED[0x00015b28])

    Execution Region ER_IROM1 (Exec base: 0x08000000, Load base: 0x08000000, Size: 0x00015ad8, Max: 0x00020000, ABSOLUTE)

    Exec Addr    Load Addr    Size         Type   Attr      Idx    E Section Name        Object

    0x08000000   0x08000000   0x000000ec   Data   RO            3    RESET               startup_stm32f10x_md.o
    0x080000ec   0x080000ec   0x00000000   Code   RO         3827  * .ARM.Collect$$$$00000000  mc_w.l(entry.o)
    0x080000ec   0x080000ec   0x00000004   Code   RO         4093    .ARM.Collect$$$$00000001  mc_w.l(entry2.o)
    0x080000f0   0x080000f0   0x00000004   Code   RO         4096    .ARM.Collect$$$$00000004  mc_w.l(entry5.o)
    0x080000f4   0x080000f4   0x00000000   Code   RO         4098    .ARM.Collect$$$$00000008  mc_w.l(entry7b.o)
    0x080000f4   0x080000f4   0x00000000   Code   RO         4100    .ARM.Collect$$$$0000000A  mc_w.l(entry8b.o)
    0x080000f4   0x080000f4   0x00000008   Code   RO         4101    .ARM.Collect$$$$0000000B  mc_w.l(entry9a.o)
    0x080000fc   0x080000fc   0x00000000   Code   RO         4103    .ARM.Collect$$$$0000000D  mc_w.l(entry10a.o)
    0x080000fc   0x080000fc   0x00000000   Code   RO         4105    .ARM.Collect$$$$0000000F  mc_w.l(entry11a.o)
    0x080000fc   0x080000fc   0x00000004   Code   RO         4094    .ARM.Collect$$$$00002712  mc_w.l(entry2.o)
    0x08000100   0x08000100   0x00000024   Code   RO            4    .text               startup_stm32f10x_md.o
    0x08000124   0x08000124   0x0000000e   Code   RO         3830    .text               mc_w.l(strlen.o)
    0x08000132   0x08000132   0x00000062   Code   RO         4109    .text               mc_w.l(uldiv.o)
    0x08000194   0x08000194   0x00000024   Code   RO         4122    .text               mc_w.l(init.o)
    0x080001b8   0x080001b8   0x0000001e   Code   RO         4124    .text               mc_w.l(llshl.o)
    0x080001d6   0x080001d6   0x00000020   Code   RO         4126    .text               mc_w.l(llushr.o)
    0x080001f6   0x080001f6   0x00000056   Code   RO         4140    .text               mc_w.l(__dczerorl2.o)
    0x0800024c   0x0800024c   0x0000000c   Code   RO          403    i.BKP_TamperPinCmd  stm32f10x_bkp.o
    0x08000258   0x08000258   0x00000002   Code   RO         3154    i.BusFault_Handler  stm32f10x_it.o
    0x0800025a   0x0800025a   0x00000002   Code   RO         3155    i.DebugMon_Handler  stm32f10x_it.o
    0x0800025c   0x0800025c   0x0000009c   Code   RO         1285    i.GPIO_Init         stm32f10x_gpio.o
    0x080002f8   0x080002f8   0x00000004   Code   RO         1292    i.GPIO_ResetBits    stm32f10x_gpio.o
    0x080002fc   0x080002fc   0x00000004   Code   RO         1293    i.GPIO_SetBits      stm32f10x_gpio.o
    0x08000300   0x08000300   0x00000002   Code   RO         3156    i.HardFault_Handler  stm32f10x_it.o
    0x08000302   0x08000302   0x00000018   Code   RO         1396    i.I2C_CheckEvent    stm32f10x_i2c.o
    0x0800031a   0x0800031a   0x00000014   Code   RO         1399    i.I2C_Cmd           stm32f10x_i2c.o
    0x0800032e   0x0800032e   0x00000002   PAD
    0x08000330   0x08000330   0x0000007c   Code   RO         3712    i.I2C_Configuration  oled_i2c.o
    0x080003ac   0x080003ac   0x0000002c   Code   RO         1402    i.I2C_DeInit        stm32f10x_i2c.o
    0x080003d8   0x080003d8   0x00000014   Code   RO         1406    i.I2C_GenerateSTART  stm32f10x_i2c.o
    0x080003ec   0x080003ec   0x00000014   Code   RO         1407    i.I2C_GenerateSTOP  stm32f10x_i2c.o
    0x08000400   0x08000400   0x0000002a   Code   RO         1408    i.I2C_GetFlagStatus  stm32f10x_i2c.o
    0x0800042a   0x0800042a   0x00000002   PAD
    0x0800042c   0x0800042c   0x000000bc   Code   RO         1413    i.I2C_Init          stm32f10x_i2c.o
    0x080004e8   0x080004e8   0x00000010   Code   RO         1420    i.I2C_Send7bitAddress  stm32f10x_i2c.o
    0x080004f8   0x080004f8   0x00000004   Code   RO         1421    i.I2C_SendData      stm32f10x_i2c.o
    0x080004fc   0x080004fc   0x00000090   Code   RO         3713    i.I2C_WriteByte     oled_i2c.o
    0x0800058c   0x0800058c   0x00000064   Code   RO         3683    i.LED_Init          led.o
    0x080005f0   0x080005f0   0x0000002c   Code   RO         3684    i.LEDx_OnOff        led.o
    0x0800061c   0x0800061c   0x000002bc   Code   RO         3600    i.MSD1_GetCardInfo  spi_msd1_driver.o
    0x080008d8   0x080008d8   0x00000438   Code   RO         3601    i.MSD1_Init         spi_msd1_driver.o
    0x08000d10   0x08000d10   0x00000080   Code   RO         3602    i.MSD1_ReadMultiBlock  spi_msd1_driver.o
    0x08000d90   0x08000d90   0x00000044   Code   RO         3603    i.MSD1_ReadSingleBlock  spi_msd1_driver.o
    0x08000dd4   0x08000dd4   0x00000050   Code   RO         3604    i.MSD1_SPIHighSpeed  spi_msd1_driver.o
    0x08000e24   0x08000e24   0x00000080   Code   RO         3605    i.MSD1_SPI_Configuration  spi_msd1_driver.o
    0x08000ea4   0x08000ea4   0x00000100   Code   RO         3606    i.MSD1_WriteMultiBlock  spi_msd1_driver.o
    0x08000fa4   0x08000fa4   0x000000a8   Code   RO         3607    i.MSD1_WriteSingleBlock  spi_msd1_driver.o
    0x0800104c   0x0800104c   0x00000078   Code   RO         3608    i.MSD1_read_buffer  spi_msd1_driver.o
    0x080010c4   0x080010c4   0x00000070   Code   RO         3609    i.MSD1_send_command  spi_msd1_driver.o
    0x08001134   0x08001134   0x0000005c   Code   RO         3610    i.MSD1_send_command_hold  spi_msd1_driver.o
    0x08001190   0x08001190   0x0000001c   Code   RO         3672    i.MSD1_spi_read_write  spi_msd1_driver.o
    0x080011ac   0x080011ac   0x00000002   Code   RO         3157    i.MemManage_Handler  stm32f10x_it.o
    0x080011ae   0x080011ae   0x00000002   Code   RO         3158    i.NMI_Handler       stm32f10x_it.o
    0x080011b0   0x080011b0   0x00000036   Code   RO         3718    i.OLED_Fill         oled_i2c.o
    0x080011e6   0x080011e6   0x000000b4   Code   RO         3719    i.OLED_Init         oled_i2c.o
    0x0800129a   0x0800129a   0x00000026   Code   RO         3723    i.OLED_SetPos       oled_i2c.o
    0x080012c0   0x080012c0   0x0000003e   Code   RO         3725    i.OLED_ShowInterger  oled_i2c.o
    0x080012fe   0x080012fe   0x00000002   PAD
    0x08001300   0x08001300   0x000000d0   Code   RO         3726    i.OLED_ShowStr      oled_i2c.o
    0x080013d0   0x080013d0   0x0000000c   Code   RO         1639    i.PWR_BackupAccessCmd  stm32f10x_pwr.o
    0x080013dc   0x080013dc   0x00000002   Code   RO         3159    i.PendSV_Handler    stm32f10x_it.o
    0x080013de   0x080013de   0x00000002   PAD
    0x080013e0   0x080013e0   0x00000018   Code   RO         1701    i.RCC_APB1PeriphClockCmd  stm32f10x_rcc.o
    0x080013f8   0x080013f8   0x00000018   Code   RO         1702    i.RCC_APB1PeriphResetCmd  stm32f10x_rcc.o
    0x08001410   0x08001410   0x00000018   Code   RO         1703    i.RCC_APB2PeriphClockCmd  stm32f10x_rcc.o
    0x08001428   0x08001428   0x00000094   Code   RO         1711    i.RCC_GetClocksFreq  stm32f10x_rcc.o
    0x080014bc   0x080014bc   0x00000020   Code   RO         1719    i.RCC_LSEConfig     stm32f10x_rcc.o
    0x080014dc   0x080014dc   0x00000168   Code   RO         3086    i.SD_TotalSize      main.o
    0x08001644   0x08001644   0x00000014   Code   RO         2179    i.SPI_Cmd           stm32f10x_spi.o
    0x08001658   0x08001658   0x00000038   Code   RO         2192    i.SPI_Init          stm32f10x_spi.o
    0x08001690   0x08001690   0x00000002   Code   RO         3160    i.SVC_Handler       stm32f10x_it.o
    0x08001692   0x08001692   0x00000002   PAD
    0x08001694   0x08001694   0x000000a8   Code   RO           10    i.SetSysClockTo72   system_stm32f10x.o
    0x0800173c   0x0800173c   0x00000002   Code   RO         3161    i.SysTick_Handler   stm32f10x_it.o
    0x0800173e   0x0800173e   0x00000002   PAD
    0x08001740   0x08001740   0x00000050   Code   RO           12    i.SystemInit        system_stm32f10x.o
    0x08001790   0x08001790   0x00000014   Code   RO         2855    i.USART_Cmd         stm32f10x_usart.o
    0x080017a4   0x080017a4   0x00000040   Code   RO         3217    i.USART_Configuration  usart.o
    0x080017e4   0x080017e4   0x0000003c   Code   RO         3218    i.USART_GPIO_Configuration  usart.o
    0x08001820   0x08001820   0x0000000e   Code   RO         2858    i.USART_GetFlagStatus  stm32f10x_usart.o
    0x0800182e   0x0800182e   0x00000002   PAD
    0x08001830   0x08001830   0x000000ac   Code   RO         2862    i.USART_Init        stm32f10x_usart.o
    0x080018dc   0x080018dc   0x0000000a   Code   RO         3219    i.USART_RCC_Configuration  usart.o
    0x080018e6   0x080018e6   0x00000008   Code   RO         2872    i.USART_SendData    stm32f10x_usart.o
    0x080018ee   0x080018ee   0x00000002   Code   RO         3162    i.UsageFault_Handler  stm32f10x_it.o
    0x080018f0   0x080018f0   0x00000008   Code   RO         3727    i.WriteCmd          oled_i2c.o
    0x080018f8   0x080018f8   0x00000008   Code   RO         3728    i.WriteDat          oled_i2c.o
    0x08001900   0x08001900   0x00000020   Code   RO         4039    i.__0printf$8       mc_w.l(printf8.o)
    0x08001920   0x08001920   0x00000028   Code   RO         4041    i.__0sprintf$8      mc_w.l(printf8.o)
    0x08001948   0x08001948   0x0000000e   Code   RO         4134    i.__scatterload_copy  mc_w.l(handlers.o)
    0x08001956   0x08001956   0x00000002   Code   RO         4135    i.__scatterload_null  mc_w.l(handlers.o)
    0x08001958   0x08001958   0x0000000e   Code   RO         4136    i.__scatterload_zeroinit  mc_w.l(handlers.o)
    0x08001966   0x08001966   0x00000002   PAD
    0x08001968   0x08001968   0x00000410   Code   RO         4046    i._printf_core      mc_w.l(printf8.o)
    0x08001d78   0x08001d78   0x00000024   Code   RO         4047    i._printf_post_padding  mc_w.l(printf8.o)
    0x08001d9c   0x08001d9c   0x0000002e   Code   RO         4048    i._printf_pre_padding  mc_w.l(printf8.o)
    0x08001dca   0x08001dca   0x0000000a   Code   RO         4050    i._sputc            mc_w.l(printf8.o)
    0x08001dd4   0x08001dd4   0x0000005c   Code   RO         3277    i.check_fs          ff.o
    0x08001e30   0x08001e30   0x00000010   Code   RO         3278    i.chk_chr           ff.o
    0x08001e40   0x08001e40   0x0000020c   Code   RO         3279    i.chk_mounted       ff.o
    0x0800204c   0x0800204c   0x00000018   Code   RO         3280    i.clust2sect        ff.o
    0x08002064   0x08002064   0x00000096   Code   RO         3281    i.create_chain      ff.o
    0x080020fa   0x080020fa   0x00000002   PAD
    0x080020fc   0x080020fc   0x000001dc   Code   RO         3282    i.create_name       ff.o
    0x080022d8   0x080022d8   0x00000128   Code   RO         3283    i.dir_find          ff.o
    0x08002400   0x08002400   0x000000ec   Code   RO         3284    i.dir_next          ff.o
    0x080024ec   0x080024ec   0x000000f4   Code   RO         3285    i.dir_read          ff.o
    0x080025e0   0x080025e0   0x000001a8   Code   RO         3286    i.dir_register      ff.o
    0x08002788   0x08002788   0x0000007e   Code   RO         3288    i.dir_sdi           ff.o
    0x08002806   0x08002806   0x00000022   Code   RO         3519    i.disk_initialize   diskio.o
    0x08002828   0x08002828   0x00000048   Code   RO         3520    i.disk_ioctl        diskio.o
    0x08002870   0x08002870   0x00000032   Code   RO         3521    i.disk_read         diskio.o
    0x080028a2   0x080028a2   0x00000014   Code   RO         3522    i.disk_status       diskio.o
    0x080028b6   0x080028b6   0x00000032   Code   RO         3523    i.disk_write        diskio.o
    0x080028e8   0x080028e8   0x00000012   Code   RO         3290    i.f_close           ff.o
    0x080028fa   0x080028fa   0x000000c8   Code   RO         3291    i.f_getfree         ff.o
    0x080029c2   0x080029c2   0x00000002   PAD
    0x080029c4   0x080029c4   0x00000020   Code   RO         3294    i.f_mount           ff.o
    0x080029e4   0x080029e4   0x00000140   Code   RO         3295    i.f_open            ff.o
    0x08002b24   0x08002b24   0x00000058   Code   RO         3296    i.f_opendir         ff.o
    0x08002b7c   0x08002b7c   0x00000144   Code   RO         3297    i.f_read            ff.o
    0x08002cc0   0x08002cc0   0x00000058   Code   RO         3298    i.f_readdir         ff.o
    0x08002d18   0x08002d18   0x000000a4   Code   RO         3301    i.f_sync            ff.o
    0x08002dbc   0x08002dbc   0x00000182   Code   RO         3305    i.f_write           ff.o
    0x08002f3e   0x08002f3e   0x00000002   PAD
    0x08002f40   0x08002f40   0x00000038   Code   RO         3571    i.ff_convert        ccsbcs.o
    0x08002f78   0x08002f78   0x00000024   Code   RO         3572    i.ff_wtoupper       ccsbcs.o
    0x08002f9c   0x08002f9c   0x00000068   Code   RO         3306    i.follow_path       ff.o
    0x08003004   0x08003004   0x00000024   Code   RO         3221    i.fputc             usart.o
    0x08003028   0x08003028   0x00000068   Code   RO         3307    i.gen_numname       ff.o
    0x08003090   0x08003090   0x000000b8   Code   RO         3308    i.get_fat           ff.o
    0x08003148   0x08003148   0x00000004   Code   RO         3524    i.get_fattime       diskio.o
    0x0800314c   0x0800314c   0x000000d0   Code   RO         3309    i.get_fileinfo      ff.o
    0x0800321c   0x0800321c   0x000002b4   Code   RO         3087    i.main              main.o
    0x080034d0   0x080034d0   0x00000010   Code   RO         3310    i.mem_cpy           ff.o
    0x080034e0   0x080034e0   0x0000000e   Code   RO         3311    i.mem_set           ff.o
    0x080034ee   0x080034ee   0x0000006a   Code   RO         3312    i.move_window       ff.o
    0x08003558   0x08003558   0x000000f8   Code   RO         3313    i.put_fat           ff.o
    0x08003650   0x08003650   0x00000062   Code   RO         3314    i.remove_chain      ff.o
    0x080036b2   0x080036b2   0x00000002   PAD
    0x080036b4   0x080036b4   0x00000104   Code   RO         3088    i.scan_files        main.o
    0x080037b8   0x080037b8   0x0000001a   Code   RO         3315    i.sum_sfn           ff.o
    0x080037d2   0x080037d2   0x0000000a   Code   RO         3259    i.sw_delay_ms       sw_delay.o
    0x080037dc   0x080037dc   0x00000090   Code   RO         3260    i.sw_delay_us       sw_delay.o
    0x0800386c   0x0800386c   0x000000b8   Code   RO         3316    i.sync              ff.o
    0x08003924   0x08003924   0x00000020   Code   RO         3317    i.validate          ff.o
    0x08003944   0x08003944   0x0000008d   Data   RO         3319    .constdata          ff.o
    0x080039d1   0x080039d1   0x00000001   PAD
    0x080039d2   0x080039d2   0x000004c0   Data   RO         3573    .constdata          ccsbcs.o
    0x08003e92   0x08003e92   0x00011b7c   Data   RO         3730    .constdata          oled_i2c.o
    0x08015a0e   0x08015a0e   0x00000002   PAD
    0x08015a10   0x08015a10   0x000000a6   Data   RO         3090    .conststring        main.o
    0x08015ab6   0x08015ab6   0x00000002   PAD
    0x08015ab8   0x08015ab8   0x00000020   Data   RO         4132    Region$$Table       anon$$obj.o


    Execution Region RW_IRAM1 (Exec base: 0x20000000, Load base: 0x08015ad8, Size: 0x00002038, Max: 0x00005000, ABSOLUTE, COMPRESSED[0x00000050])

    Exec Addr    Load Addr    Size         Type   Attr      Idx    E Section Name        Object

    0x20000000   COMPRESSED   0x00000014   Data   RW         1731    .data               stm32f10x_rcc.o
    0x20000014   COMPRESSED   0x00000247   Data   RW         3091    .data               main.o
    0x2000025b   COMPRESSED   0x00000001   PAD
    0x2000025c   COMPRESSED   0x00000004   Data   RW         3222    .data               usart.o
    0x20000260   COMPRESSED   0x00000008   Data   RW         3320    .data               ff.o
    0x20000268        -       0x00001778   Zero   RW         3089    .bss                main.o
    0x200019e0        -       0x00000200   Zero   RW         3318    .bss                ff.o
    0x20001be0        -       0x00000058   Zero   RW         3611    .bss                spi_msd1_driver.o
    0x20001c38        -       0x00000400   Zero   RW            1    STACK               startup_stm32f10x_md.o


==============================================================================

Image component sizes


      Code (inc. data)   RO Data    RW Data    ZI Data      Debug   Object Name

        92         12       1216          0          0       2375   ccsbcs.o
       230         10          0          0          0       7727   diskio.o
      5552         82        141          8        512      35860   ff.o
       144          6          0          0          0       1544   led.o
      1312        572        166        583       6008       5976   main.o
       826         36      72572          0          0       6505   oled_i2c.o
      2960        630          0          0         88      10937   spi_msd1_driver.o
        36          8        236          0       1024        912   startup_stm32f10x_md.o
        12          6          0          0          0        527   stm32f10x_bkp.o
       164          0          0          0          0       3192   stm32f10x_gpio.o
       378         16          0          0          0       7555   stm32f10x_i2c.o
        18          0          0          0          0       3650   stm32f10x_it.o
        12          6          0          0          0        534   stm32f10x_pwr.o
       252         38          0         20          0       5771   stm32f10x_rcc.o
        76          0          0          0          0       2241   stm32f10x_spi.o
       214          6          0          0          0       4288   stm32f10x_usart.o
       154          0          0          0          0       1136   sw_delay.o
       248         24          0          0          0     246165   system_stm32f10x.o
       170         16          0          4          0       3659   usart.o

    ----------------------------------------------------------------------
     12872       1468      74368        616       7632     350554   Object Totals
         0          0         32          0          0          0   (incl. Generated)
        22          0          5          1          0          0   (incl. Padding)

    ----------------------------------------------------------------------

      Code (inc. data)   RO Data    RW Data    ZI Data      Debug   Library Member Name

        86          0          0          0          0          0   __dczerorl2.o
         0          0          0          0          0          0   entry.o
         0          0          0          0          0          0   entry10a.o
         0          0          0          0          0          0   entry11a.o
         8          4          0          0          0          0   entry2.o
         4          0          0          0          0          0   entry5.o
         0          0          0          0          0          0   entry7b.o
         0          0          0          0          0          0   entry8b.o
         8          4          0          0          0          0   entry9a.o
        30          0          0          0          0          0   handlers.o
        36          8          0          0          0         68   init.o
        30          0          0          0          0         68   llshl.o
        32          0          0          0          0         68   llushr.o
      1204         60          0          0          0        504   printf8.o
        14          0          0          0          0         68   strlen.o
        98          0          0          0          0         92   uldiv.o

    ----------------------------------------------------------------------
      1552         76          0          0          0        868   Library Totals
         2          0          0          0          0          0   (incl. Padding)

    ----------------------------------------------------------------------

      Code (inc. data)   RO Data    RW Data    ZI Data      Debug   Library Name

      1550         76          0          0          0        868   mc_w.l

    ----------------------------------------------------------------------
      1552         76          0          0          0        868   Library Totals

    ----------------------------------------------------------------------

==============================================================================


      Code (inc. data)   RO Data    RW Data    ZI Data      Debug   

     14424       1544      74368        616       7632     345882   Grand Totals
     14424       1544      74368         80       7632     345882   ELF Image Totals (compressed)
     14424       1544      74368         80          0          0   ROM Totals

==============================================================================

    Total RO  Size (Code + RO Data)                88792 (  86.71kB)
    Total RW  Size (RW Data + ZI Data)              8248 (   8.05kB)
    Total ROM Size (Code + RO Data + RW Data)      88872 (  86.79kB)

==============================================================================

